2019-11-14 11:00:15 DEBUG Groups:238 -  Creating new Groups object
2019-11-14 11:00:15 DEBUG NativeCodeLoader:46 - Trying to load the custom-built native-hadoop library...
2019-11-14 11:00:15 DEBUG NativeCodeLoader:50 - Loaded the native-hadoop library
2019-11-14 11:00:15 DEBUG JniBasedUnixGroupsMapping:50 - Using JniBasedUnixGroupsMapping for Group resolution
2019-11-14 11:00:15 DEBUG JniBasedUnixGroupsMappingWithFallback:44 - Group mapping impl=org.apache.hadoop.security.JniBasedUnixGroupsMapping
2019-11-14 11:00:15 DEBUG Groups:80 - Group mapping impl=org.apache.hadoop.security.JniBasedUnixGroupsMappingWithFallback; cacheTimeout=300000; warningDeltaMs=5000
2019-11-14 11:00:16 DEBUG MutableMetricsFactory:42 - field org.apache.hadoop.metrics2.lib.MutableRate org.apache.hadoop.security.UserGroupInformation$UgiMetrics.loginSuccess with annotation @org.apache.hadoop.metrics2.annotation.Metric(about=, sampleName=Ops, always=false, type=DEFAULT, value=[Rate of successful kerberos logins and latency (milliseconds)], valueName=Time)
2019-11-14 11:00:16 DEBUG MutableMetricsFactory:42 - field org.apache.hadoop.metrics2.lib.MutableRate org.apache.hadoop.security.UserGroupInformation$UgiMetrics.loginFailure with annotation @org.apache.hadoop.metrics2.annotation.Metric(about=, sampleName=Ops, always=false, type=DEFAULT, value=[Rate of failed kerberos logins and latency (milliseconds)], valueName=Time)
2019-11-14 11:00:16 DEBUG MutableMetricsFactory:42 - field org.apache.hadoop.metrics2.lib.MutableRate org.apache.hadoop.security.UserGroupInformation$UgiMetrics.getGroups with annotation @org.apache.hadoop.metrics2.annotation.Metric(about=, sampleName=Ops, always=false, type=DEFAULT, value=[GetGroups], valueName=Time)
2019-11-14 11:00:16 DEBUG MetricsSystemImpl:221 - UgiMetrics, User and group related metrics
2019-11-14 11:00:16 DEBUG KerberosName:88 - Kerberos krb5 configuration not found, setting default realm to empty
2019-11-14 11:00:16 DEBUG UserGroupInformation:195 - hadoop login
2019-11-14 11:00:16 DEBUG UserGroupInformation:144 - hadoop login commit
2019-11-14 11:00:16 DEBUG UserGroupInformation:174 - using local user:NTUserPrincipal: 1308-Lunus
2019-11-14 11:00:16 DEBUG UserGroupInformation:785 - UGI loginUser:1308-Lunus (auth:SIMPLE)
2019-11-14 11:00:16 INFO  RecoverableZooKeeper:120 - Process identifier=hconnection-0x64d2d351 connecting to ZooKeeper ensemble=192.168.0.131:2181
2019-11-14 11:00:16 INFO  ZooKeeper:100 - Client environment:zookeeper.version=3.4.6-1569965, built on 02/20/2014 09:09 GMT
2019-11-14 11:00:16 INFO  ZooKeeper:100 - Client environment:host.name=1308-Lunus-PC
2019-11-14 11:00:16 INFO  ZooKeeper:100 - Client environment:java.version=1.8.0_40
2019-11-14 11:00:16 INFO  ZooKeeper:100 - Client environment:java.vendor=Oracle Corporation
2019-11-14 11:00:16 INFO  ZooKeeper:100 - Client environment:java.home=D:\apps\JDK8_64\jre
2019-11-14 11:00:16 INFO  ZooKeeper:100 - Client environment:java.class.path=D:\apps\idea\IntelliJ IDEA 2019.1.3\lib\idea_rt.jar;D:\apps\idea\IntelliJ IDEA 2019.1.3\plugins\junit\lib\junit-rt.jar;D:\apps\idea\IntelliJ IDEA 2019.1.3\plugins\junit\lib\junit5-rt.jar;D:\apps\JDK8_64\jre\lib\charsets.jar;D:\apps\JDK8_64\jre\lib\deploy.jar;D:\apps\JDK8_64\jre\lib\ext\access-bridge-64.jar;D:\apps\JDK8_64\jre\lib\ext\cldrdata.jar;D:\apps\JDK8_64\jre\lib\ext\dnsns.jar;D:\apps\JDK8_64\jre\lib\ext\jaccess.jar;D:\apps\JDK8_64\jre\lib\ext\jfxrt.jar;D:\apps\JDK8_64\jre\lib\ext\localedata.jar;D:\apps\JDK8_64\jre\lib\ext\nashorn.jar;D:\apps\JDK8_64\jre\lib\ext\sunec.jar;D:\apps\JDK8_64\jre\lib\ext\sunjce_provider.jar;D:\apps\JDK8_64\jre\lib\ext\sunmscapi.jar;D:\apps\JDK8_64\jre\lib\ext\sunpkcs11.jar;D:\apps\JDK8_64\jre\lib\ext\zipfs.jar;D:\apps\JDK8_64\jre\lib\javaws.jar;D:\apps\JDK8_64\jre\lib\jce.jar;D:\apps\JDK8_64\jre\lib\jfr.jar;D:\apps\JDK8_64\jre\lib\jfxswt.jar;D:\apps\JDK8_64\jre\lib\jsse.jar;D:\apps\JDK8_64\jre\lib\management-agent.jar;D:\apps\JDK8_64\jre\lib\plugin.jar;D:\apps\JDK8_64\jre\lib\resources.jar;D:\apps\JDK8_64\jre\lib\rt.jar;D:\code\NettyReceiver\target\test-classes;D:\code\NettyReceiver\target\classes;D:\apps\maven\apache-maven-3.5.3\maven-repository\io\netty\netty-all\4.1.41.Final\netty-all-4.1.41.Final.jar;D:\apps\maven\apache-maven-3.5.3\maven-repository\org\projectlombok\lombok\1.18.10\lombok-1.18.10.jar;D:\apps\maven\apache-maven-3.5.3\maven-repository\redis\clients\jedis\2.9.0\jedis-2.9.0.jar;D:\apps\maven\apache-maven-3.5.3\maven-repository\org\apache\commons\commons-pool2\2.4.2\commons-pool2-2.4.2.jar;D:\apps\maven\apache-maven-3.5.3\maven-repository\org\apache\hbase\hbase-client\1.3.2\hbase-client-1.3.2.jar;D:\apps\maven\apache-maven-3.5.3\maven-repository\org\apache\hbase\hbase-annotations\1.3.2\hbase-annotations-1.3.2.jar;D:\apps\maven\apache-maven-3.5.3\maven-repository\com\github\stephenc\findbugs\findbugs-annotations\1.3.9-1\findbugs-annotations-1.3.9-1.jar;D:\apps\maven\apache-maven-3.5.3\maven-repository\log4j\log4j\1.2.17\log4j-1.2.17.jar;D:\apps\maven\apache-maven-3.5.3\maven-repository\junit\junit\4.12\junit-4.12.jar;D:\apps\maven\apache-maven-3.5.3\maven-repository\org\hamcrest\hamcrest-core\1.3\hamcrest-core-1.3.jar;D:\apps\maven\apache-maven-3.5.3\maven-repository\org\apache\hbase\hbase-common\1.3.2\hbase-common-1.3.2.jar;D:\apps\maven\apache-maven-3.5.3\maven-repository\commons-collections\commons-collections\3.2.2\commons-collections-3.2.2.jar;D:\apps\maven\apache-maven-3.5.3\maven-repository\org\mortbay\jetty\jetty-util\6.1.26\jetty-util-6.1.26.jar;D:\apps\maven\apache-maven-3.5.3\maven-repository\org\apache\hbase\hbase-protocol\1.3.2\hbase-protocol-1.3.2.jar;D:\apps\maven\apache-maven-3.5.3\maven-repository\commons-codec\commons-codec\1.9\commons-codec-1.9.jar;D:\apps\maven\apache-maven-3.5.3\maven-repository\commons-io\commons-io\2.4\commons-io-2.4.jar;D:\apps\maven\apache-maven-3.5.3\maven-repository\commons-lang\commons-lang\2.6\commons-lang-2.6.jar;D:\apps\maven\apache-maven-3.5.3\maven-repository\commons-logging\commons-logging\1.2\commons-logging-1.2.jar;D:\apps\maven\apache-maven-3.5.3\maven-repository\com\google\guava\guava\12.0.1\guava-12.0.1.jar;D:\apps\maven\apache-maven-3.5.3\maven-repository\com\google\protobuf\protobuf-java\2.5.0\protobuf-java-2.5.0.jar;D:\apps\maven\apache-maven-3.5.3\maven-repository\org\apache\zookeeper\zookeeper\3.4.6\zookeeper-3.4.6.jar;D:\apps\maven\apache-maven-3.5.3\maven-repository\org\slf4j\slf4j-api\1.6.1\slf4j-api-1.6.1.jar;D:\apps\maven\apache-maven-3.5.3\maven-repository\org\slf4j\slf4j-log4j12\1.6.1\slf4j-log4j12-1.6.1.jar;D:\apps\maven\apache-maven-3.5.3\maven-repository\org\apache\htrace\htrace-core\3.1.0-incubating\htrace-core-3.1.0-incubating.jar;D:\apps\maven\apache-maven-3.5.3\maven-repository\org\codehaus\jackson\jackson-mapper-asl\1.9.13\jackson-mapper-asl-1.9.13.jar;D:\apps\maven\apache-maven-3.5.3\maven-repository\org\codehaus\jackson\jackson-core-asl\1.9.13\jackson-core-asl-1.9.13.jar;D:\apps\maven\apache-maven-3.5.3\maven-repository\org\jruby\jcodings\jcodings\1.0.8\jcodings-1.0.8.jar;D:\apps\maven\apache-maven-3.5.3\maven-repository\org\jruby\joni\joni\2.1.2\joni-2.1.2.jar;D:\apps\maven\apache-maven-3.5.3\maven-repository\com\yammer\metrics\metrics-core\2.2.0\metrics-core-2.2.0.jar;D:\apps\maven\apache-maven-3.5.3\maven-repository\org\apache\hadoop\hadoop-auth\2.5.1\hadoop-auth-2.5.1.jar;D:\apps\maven\apache-maven-3.5.3\maven-repository\org\apache\httpcomponents\httpclient\4.2.5\httpclient-4.2.5.jar;D:\apps\maven\apache-maven-3.5.3\maven-repository\org\apache\httpcomponents\httpcore\4.2.4\httpcore-4.2.4.jar;D:\apps\maven\apache-maven-3.5.3\maven-repository\org\apache\directory\server\apacheds-kerberos-codec\2.0.0-M15\apacheds-kerberos-codec-2.0.0-M15.jar;D:\apps\maven\apache-maven-3.5.3\maven-repository\org\apache\directory\server\apacheds-i18n\2.0.0-M15\apacheds-i18n-2.0.0-M15.jar;D:\apps\maven\apache-maven-3.5.3\maven-repository\org\apache\directory\api\api-asn1-api\1.0.0-M20\api-asn1-api-1.0.0-M20.jar;D:\apps\maven\apache-maven-3.5.3\maven-repository\org\apache\directory\api\api-util\1.0.0-M20\api-util-1.0.0-M20.jar;D:\apps\maven\apache-maven-3.5.3\maven-repository\org\apache\hadoop\hadoop-common\2.5.1\hadoop-common-2.5.1.jar;D:\apps\maven\apache-maven-3.5.3\maven-repository\org\apache\hadoop\hadoop-annotations\2.5.1\hadoop-annotations-2.5.1.jar;D:\apps\JDK8_64\lib\tools.jar;D:\apps\maven\apache-maven-3.5.3\maven-repository\commons-cli\commons-cli\1.2\commons-cli-1.2.jar;D:\apps\maven\apache-maven-3.5.3\maven-repository\org\apache\commons\commons-math3\3.1.1\commons-math3-3.1.1.jar;D:\apps\maven\apache-maven-3.5.3\maven-repository\xmlenc\xmlenc\0.52\xmlenc-0.52.jar;D:\apps\maven\apache-maven-3.5.3\maven-repository\commons-httpclient\commons-httpclient\3.1\commons-httpclient-3.1.jar;D:\apps\maven\apache-maven-3.5.3\maven-repository\commons-net\commons-net\3.1\commons-net-3.1.jar;D:\apps\maven\apache-maven-3.5.3\maven-repository\commons-el\commons-el\1.0\commons-el-1.0.jar;D:\apps\maven\apache-maven-3.5.3\maven-repository\commons-configuration\commons-configuration\1.6\commons-configuration-1.6.jar;D:\apps\maven\apache-maven-3.5.3\maven-repository\commons-digester\commons-digester\1.8\commons-digester-1.8.jar;D:\apps\maven\apache-maven-3.5.3\maven-repository\commons-beanutils\commons-beanutils\1.7.0\commons-beanutils-1.7.0.jar;D:\apps\maven\apache-maven-3.5.3\maven-repository\commons-beanutils\commons-beanutils-core\1.8.0\commons-beanutils-core-1.8.0.jar;D:\apps\maven\apache-maven-3.5.3\maven-repository\org\apache\avro\avro\1.7.4\avro-1.7.4.jar;D:\apps\maven\apache-maven-3.5.3\maven-repository\com\thoughtworks\paranamer\paranamer\2.3\paranamer-2.3.jar;D:\apps\maven\apache-maven-3.5.3\maven-repository\org\xerial\snappy\snappy-java\1.0.4.1\snappy-java-1.0.4.1.jar;D:\apps\maven\apache-maven-3.5.3\maven-repository\com\jcraft\jsch\0.1.42\jsch-0.1.42.jar;D:\apps\maven\apache-maven-3.5.3\maven-repository\com\google\code\findbugs\jsr305\1.3.9\jsr305-1.3.9.jar;D:\apps\maven\apache-maven-3.5.3\maven-repository\org\apache\commons\commons-compress\1.4.1\commons-compress-1.4.1.jar;D:\apps\maven\apache-maven-3.5.3\maven-repository\org\tukaani\xz\1.0\xz-1.0.jar;D:\apps\maven\apache-maven-3.5.3\maven-repository\org\apache\hadoop\hadoop-mapreduce-client-core\2.5.1\hadoop-mapreduce-client-core-2.5.1.jar;D:\apps\maven\apache-maven-3.5.3\maven-repository\org\apache\hadoop\hadoop-yarn-common\2.5.1\hadoop-yarn-common-2.5.1.jar;D:\apps\maven\apache-maven-3.5.3\maven-repository\org\apache\hadoop\hadoop-yarn-api\2.5.1\hadoop-yarn-api-2.5.1.jar;D:\apps\maven\apache-maven-3.5.3\maven-repository\javax\xml\bind\jaxb-api\2.2.2\jaxb-api-2.2.2.jar;D:\apps\maven\apache-maven-3.5.3\maven-repository\javax\xml\stream\stax-api\1.0-2\stax-api-1.0-2.jar;D:\apps\maven\apache-maven-3.5.3\maven-repository\javax\activation\activation\1.1\activation-1.1.jar;D:\apps\maven\apache-maven-3.5.3\maven-repository\io\netty\netty\3.6.2.Final\netty-3.6.2.Final.jar;D:\apps\idea\IntelliJ IDEA 2019.1.3\lib\idea_rt.jar
2019-11-14 11:00:16 INFO  ZooKeeper:100 - Client environment:java.library.path=D:\apps\JDK8_64\bin;C:\Windows\Sun\Java\bin;C:\Windows\system32;C:\Windows;D:\apps\idea\IntelliJ IDEA 2019.1.3\jre64\\bin;D:\apps\idea\IntelliJ IDEA 2019.1.3\jre64\\bin\server;C:\Program Files (x86)\NetSarang\Xshell 6\;C:\Program Files (x86)\NetSarang\Xftp 6\;C:\Windows\system32;C:\Windows;C:\Windows\System32\Wbem;C:\Windows\System32\WindowsPowerShell\v1.0\;C:\Program Files\Git\cmd;D:\apps\JDK8_64\bin;D:\apps\maven\apache-maven-3.5.3\bin\;D:\apps\tomcat\apache-tomcat-9.0.21\bin;D:\apps\nodejs\;D:\apps\hadoop-2.5.1\hadoop-2.5.1\bin;D:\apps\hadoop-2.5.1\hadoop-2.5.1\sbin;D:\apps\nodejs\node_global;.
2019-11-14 11:00:16 INFO  ZooKeeper:100 - Client environment:java.io.tmpdir=C:\Users\1308-L~1\AppData\Local\Temp\
2019-11-14 11:00:16 INFO  ZooKeeper:100 - Client environment:java.compiler=<NA>
2019-11-14 11:00:16 INFO  ZooKeeper:100 - Client environment:os.name=Windows 7
2019-11-14 11:00:16 INFO  ZooKeeper:100 - Client environment:os.arch=amd64
2019-11-14 11:00:16 INFO  ZooKeeper:100 - Client environment:os.version=6.1
2019-11-14 11:00:16 INFO  ZooKeeper:100 - Client environment:user.name=1308-Lunus
2019-11-14 11:00:16 INFO  ZooKeeper:100 - Client environment:user.home=C:\Users\1308-Lunus
2019-11-14 11:00:16 INFO  ZooKeeper:100 - Client environment:user.dir=D:\code\NettyReceiver
2019-11-14 11:00:16 INFO  ZooKeeper:438 - Initiating client connection, connectString=192.168.0.131:2181 sessionTimeout=90000 watcher=org.apache.hadoop.hbase.zookeeper.PendingWatcher@214b199c
2019-11-14 11:00:16 DEBUG ClientCnxn:102 - zookeeper.disableAutoWatchReset is false
2019-11-14 11:00:16 INFO  ClientCnxn:975 - Opening socket connection to server 192.168.0.131/192.168.0.131:2181. Will not attempt to authenticate using SASL (unknown error)
2019-11-14 11:00:16 INFO  ClientCnxn:852 - Socket connection established to 192.168.0.131/192.168.0.131:2181, initiating session
2019-11-14 11:00:16 DEBUG ClientCnxn:892 - Session establishment request sent on 192.168.0.131/192.168.0.131:2181
2019-11-14 11:00:16 INFO  ClientCnxn:1235 - Session establishment complete on server 192.168.0.131/192.168.0.131:2181, sessionid = 0x16e642c34a40013, negotiated timeout = 90000
2019-11-14 11:00:16 DEBUG ZooKeeperWatcher:600 - hconnection-0x64d2d3510x0, quorum=192.168.0.131:2181, baseZNode=/hbase Received ZooKeeper Event, type=None, state=SyncConnected, path=null
2019-11-14 11:00:16 DEBUG ZooKeeperWatcher:663 - hconnection-0x64d2d351-0x16e642c34a40013 connected
2019-11-14 11:00:16 DEBUG ClientCnxn:818 - Reading reply sessionid:0x16e642c34a40013, packet:: clientPath:null serverPath:null finished:false header:: 1,3  replyHeader:: 1,203,0  request:: '/hbase/hbaseid,F  response:: s{64,64,1573638655733,1573638655733,0,0,0,0,67,0,64} 
2019-11-14 11:00:16 DEBUG ClientCnxn:818 - Reading reply sessionid:0x16e642c34a40013, packet:: clientPath:null serverPath:null finished:false header:: 2,4  replyHeader:: 2,203,0  request:: '/hbase/hbaseid,F  response:: #ffffffff000146d61737465723a3630303030ffffffbd51ffffffefffffffa7ffffff895e374950425546a2430623364343863652d333939392d346133642d613330322d386437623731636464663764,s{64,64,1573638655733,1573638655733,0,0,0,0,67,0,64} 
2019-11-14 11:00:16 DEBUG AbstractRpcClient:116 - Codec=org.apache.hadoop.hbase.codec.KeyValueCodec@8f4ea7c, compressor=null, tcpKeepAlive=true, tcpNoDelay=true, connectTO=10000, readTO=20000, writeTO=60000, minIdleTimeBeforeClose=120000, maxRetries=0, fallbackAllowed=false, bind address=null
2019-11-14 11:00:16 DEBUG ClientCnxn:818 - Reading reply sessionid:0x16e642c34a40013, packet:: clientPath:null serverPath:null finished:false header:: 3,4  replyHeader:: 3,203,0  request:: '/hbase/meta-region-server,F  response:: #ffffffff0001a726567696f6e7365727665723a3136323031ffffffbbffffffb83c7016ffffff856fffffff350425546a12a66d617374657210ffffffc97e18ffffff8effffffb9ffffffb0ffffffa1ffffffe62d100183,s{93,93,1573638662526,1573638662526,0,0,0,0,59,0,93} 
2019-11-14 11:00:16 DEBUG ClientCnxn:818 - Reading reply sessionid:0x16e642c34a40013, packet:: clientPath:null serverPath:null finished:false header:: 4,8  replyHeader:: 4,203,0  request:: '/hbase,F  response:: v{'replication,'meta-region-server,'rs,'splitWAL,'backup-masters,'table-lock,'flush-table-proc,'master-maintenance,'region-in-transition,'online-snapshot,'master,'switch,'running,'recovering-regions,'draining,'namespace,'hbaseid,'table} 
2019-11-14 11:00:16 DEBUG RpcClientImpl:353 - Use SIMPLE authentication for service ClientService, sasl=false
2019-11-14 11:00:16 DEBUG RpcClientImpl:718 - Connecting to master/192.168.0.131:16201
2019-11-14 11:51:14 DEBUG Groups:238 -  Creating new Groups object
2019-11-14 11:51:14 DEBUG NativeCodeLoader:46 - Trying to load the custom-built native-hadoop library...
2019-11-14 11:51:14 DEBUG NativeCodeLoader:50 - Loaded the native-hadoop library
2019-11-14 11:51:14 DEBUG JniBasedUnixGroupsMapping:50 - Using JniBasedUnixGroupsMapping for Group resolution
2019-11-14 11:51:14 DEBUG JniBasedUnixGroupsMappingWithFallback:44 - Group mapping impl=org.apache.hadoop.security.JniBasedUnixGroupsMapping
2019-11-14 11:51:14 DEBUG Groups:80 - Group mapping impl=org.apache.hadoop.security.JniBasedUnixGroupsMappingWithFallback; cacheTimeout=300000; warningDeltaMs=5000
2019-11-14 11:51:14 DEBUG MutableMetricsFactory:42 - field org.apache.hadoop.metrics2.lib.MutableRate org.apache.hadoop.security.UserGroupInformation$UgiMetrics.loginSuccess with annotation @org.apache.hadoop.metrics2.annotation.Metric(about=, sampleName=Ops, always=false, type=DEFAULT, value=[Rate of successful kerberos logins and latency (milliseconds)], valueName=Time)
2019-11-14 11:51:14 DEBUG MutableMetricsFactory:42 - field org.apache.hadoop.metrics2.lib.MutableRate org.apache.hadoop.security.UserGroupInformation$UgiMetrics.loginFailure with annotation @org.apache.hadoop.metrics2.annotation.Metric(about=, sampleName=Ops, always=false, type=DEFAULT, value=[Rate of failed kerberos logins and latency (milliseconds)], valueName=Time)
2019-11-14 11:51:14 DEBUG MutableMetricsFactory:42 - field org.apache.hadoop.metrics2.lib.MutableRate org.apache.hadoop.security.UserGroupInformation$UgiMetrics.getGroups with annotation @org.apache.hadoop.metrics2.annotation.Metric(about=, sampleName=Ops, always=false, type=DEFAULT, value=[GetGroups], valueName=Time)
2019-11-14 11:51:14 DEBUG MetricsSystemImpl:221 - UgiMetrics, User and group related metrics
2019-11-14 11:51:14 DEBUG KerberosName:88 - Kerberos krb5 configuration not found, setting default realm to empty
2019-11-14 11:51:14 DEBUG UserGroupInformation:195 - hadoop login
2019-11-14 11:51:14 DEBUG UserGroupInformation:144 - hadoop login commit
2019-11-14 11:51:15 DEBUG UserGroupInformation:174 - using local user:NTUserPrincipal: 1308-Lunus
2019-11-14 11:51:15 DEBUG UserGroupInformation:785 - UGI loginUser:1308-Lunus (auth:SIMPLE)
2019-11-14 11:51:15 INFO  RecoverableZooKeeper:120 - Process identifier=hconnection-0x780cb77 connecting to ZooKeeper ensemble=192.168.0.131:2181
2019-11-14 11:51:15 INFO  ZooKeeper:100 - Client environment:zookeeper.version=3.4.6-1569965, built on 02/20/2014 09:09 GMT
2019-11-14 11:51:15 INFO  ZooKeeper:100 - Client environment:host.name=1308-Lunus-PC
2019-11-14 11:51:15 INFO  ZooKeeper:100 - Client environment:java.version=1.8.0_40
2019-11-14 11:51:15 INFO  ZooKeeper:100 - Client environment:java.vendor=Oracle Corporation
2019-11-14 11:51:15 INFO  ZooKeeper:100 - Client environment:java.home=D:\apps\JDK8_64\jre
2019-11-14 11:51:15 INFO  ZooKeeper:100 - Client environment:java.class.path=D:\code\NettyReceiver\target\test-classes;D:\code\NettyReceiver\target\classes;D:\apps\maven\apache-maven-3.5.3\maven-repository\io\netty\netty-all\4.1.41.Final\netty-all-4.1.41.Final.jar;D:\apps\maven\apache-maven-3.5.3\maven-repository\org\projectlombok\lombok\1.18.10\lombok-1.18.10.jar;D:\apps\maven\apache-maven-3.5.3\maven-repository\redis\clients\jedis\2.9.0\jedis-2.9.0.jar;D:\apps\maven\apache-maven-3.5.3\maven-repository\org\apache\commons\commons-pool2\2.4.2\commons-pool2-2.4.2.jar;D:\apps\maven\apache-maven-3.5.3\maven-repository\org\apache\hbase\hbase-client\1.3.2\hbase-client-1.3.2.jar;D:\apps\maven\apache-maven-3.5.3\maven-repository\org\apache\hbase\hbase-annotations\1.3.2\hbase-annotations-1.3.2.jar;D:\apps\maven\apache-maven-3.5.3\maven-repository\com\github\stephenc\findbugs\findbugs-annotations\1.3.9-1\findbugs-annotations-1.3.9-1.jar;D:\apps\maven\apache-maven-3.5.3\maven-repository\log4j\log4j\1.2.17\log4j-1.2.17.jar;D:\apps\maven\apache-maven-3.5.3\maven-repository\junit\junit\4.12\junit-4.12.jar;D:\apps\maven\apache-maven-3.5.3\maven-repository\org\hamcrest\hamcrest-core\1.3\hamcrest-core-1.3.jar;D:\apps\maven\apache-maven-3.5.3\maven-repository\org\apache\hbase\hbase-common\1.3.2\hbase-common-1.3.2.jar;D:\apps\maven\apache-maven-3.5.3\maven-repository\commons-collections\commons-collections\3.2.2\commons-collections-3.2.2.jar;D:\apps\maven\apache-maven-3.5.3\maven-repository\org\mortbay\jetty\jetty-util\6.1.26\jetty-util-6.1.26.jar;D:\apps\maven\apache-maven-3.5.3\maven-repository\org\apache\hbase\hbase-protocol\1.3.2\hbase-protocol-1.3.2.jar;D:\apps\maven\apache-maven-3.5.3\maven-repository\commons-codec\commons-codec\1.9\commons-codec-1.9.jar;D:\apps\maven\apache-maven-3.5.3\maven-repository\commons-io\commons-io\2.4\commons-io-2.4.jar;D:\apps\maven\apache-maven-3.5.3\maven-repository\commons-lang\commons-lang\2.6\commons-lang-2.6.jar;D:\apps\maven\apache-maven-3.5.3\maven-repository\commons-logging\commons-logging\1.2\commons-logging-1.2.jar;D:\apps\maven\apache-maven-3.5.3\maven-repository\com\google\guava\guava\12.0.1\guava-12.0.1.jar;D:\apps\maven\apache-maven-3.5.3\maven-repository\com\google\protobuf\protobuf-java\2.5.0\protobuf-java-2.5.0.jar;D:\apps\maven\apache-maven-3.5.3\maven-repository\org\apache\zookeeper\zookeeper\3.4.6\zookeeper-3.4.6.jar;D:\apps\maven\apache-maven-3.5.3\maven-repository\org\slf4j\slf4j-api\1.6.1\slf4j-api-1.6.1.jar;D:\apps\maven\apache-maven-3.5.3\maven-repository\org\slf4j\slf4j-log4j12\1.6.1\slf4j-log4j12-1.6.1.jar;D:\apps\maven\apache-maven-3.5.3\maven-repository\org\apache\htrace\htrace-core\3.1.0-incubating\htrace-core-3.1.0-incubating.jar;D:\apps\maven\apache-maven-3.5.3\maven-repository\org\codehaus\jackson\jackson-mapper-asl\1.9.13\jackson-mapper-asl-1.9.13.jar;D:\apps\maven\apache-maven-3.5.3\maven-repository\org\codehaus\jackson\jackson-core-asl\1.9.13\jackson-core-asl-1.9.13.jar;D:\apps\maven\apache-maven-3.5.3\maven-repository\org\jruby\jcodings\jcodings\1.0.8\jcodings-1.0.8.jar;D:\apps\maven\apache-maven-3.5.3\maven-repository\org\jruby\joni\joni\2.1.2\joni-2.1.2.jar;D:\apps\maven\apache-maven-3.5.3\maven-repository\com\yammer\metrics\metrics-core\2.2.0\metrics-core-2.2.0.jar;D:\apps\maven\apache-maven-3.5.3\maven-repository\org\apache\hadoop\hadoop-auth\2.5.1\hadoop-auth-2.5.1.jar;D:\apps\maven\apache-maven-3.5.3\maven-repository\org\apache\httpcomponents\httpclient\4.2.5\httpclient-4.2.5.jar;D:\apps\maven\apache-maven-3.5.3\maven-repository\org\apache\httpcomponents\httpcore\4.2.4\httpcore-4.2.4.jar;D:\apps\maven\apache-maven-3.5.3\maven-repository\org\apache\directory\server\apacheds-kerberos-codec\2.0.0-M15\apacheds-kerberos-codec-2.0.0-M15.jar;D:\apps\maven\apache-maven-3.5.3\maven-repository\org\apache\directory\server\apacheds-i18n\2.0.0-M15\apacheds-i18n-2.0.0-M15.jar;D:\apps\maven\apache-maven-3.5.3\maven-repository\org\apache\directory\api\api-asn1-api\1.0.0-M20\api-asn1-api-1.0.0-M20.jar;D:\apps\maven\apache-maven-3.5.3\maven-repository\org\apache\directory\api\api-util\1.0.0-M20\api-util-1.0.0-M20.jar;D:\apps\maven\apache-maven-3.5.3\maven-repository\org\apache\hadoop\hadoop-common\2.5.1\hadoop-common-2.5.1.jar;D:\apps\maven\apache-maven-3.5.3\maven-repository\org\apache\hadoop\hadoop-annotations\2.5.1\hadoop-annotations-2.5.1.jar;D:\apps\JDK8_64\jre\..\lib\tools.jar;D:\apps\maven\apache-maven-3.5.3\maven-repository\commons-cli\commons-cli\1.2\commons-cli-1.2.jar;D:\apps\maven\apache-maven-3.5.3\maven-repository\org\apache\commons\commons-math3\3.1.1\commons-math3-3.1.1.jar;D:\apps\maven\apache-maven-3.5.3\maven-repository\xmlenc\xmlenc\0.52\xmlenc-0.52.jar;D:\apps\maven\apache-maven-3.5.3\maven-repository\commons-httpclient\commons-httpclient\3.1\commons-httpclient-3.1.jar;D:\apps\maven\apache-maven-3.5.3\maven-repository\commons-net\commons-net\3.1\commons-net-3.1.jar;D:\apps\maven\apache-maven-3.5.3\maven-repository\commons-el\commons-el\1.0\commons-el-1.0.jar;D:\apps\maven\apache-maven-3.5.3\maven-repository\commons-configuration\commons-configuration\1.6\commons-configuration-1.6.jar;D:\apps\maven\apache-maven-3.5.3\maven-repository\commons-digester\commons-digester\1.8\commons-digester-1.8.jar;D:\apps\maven\apache-maven-3.5.3\maven-repository\commons-beanutils\commons-beanutils\1.7.0\commons-beanutils-1.7.0.jar;D:\apps\maven\apache-maven-3.5.3\maven-repository\commons-beanutils\commons-beanutils-core\1.8.0\commons-beanutils-core-1.8.0.jar;D:\apps\maven\apache-maven-3.5.3\maven-repository\org\apache\avro\avro\1.7.4\avro-1.7.4.jar;D:\apps\maven\apache-maven-3.5.3\maven-repository\com\thoughtworks\paranamer\paranamer\2.3\paranamer-2.3.jar;D:\apps\maven\apache-maven-3.5.3\maven-repository\org\xerial\snappy\snappy-java\1.0.4.1\snappy-java-1.0.4.1.jar;D:\apps\maven\apache-maven-3.5.3\maven-repository\com\jcraft\jsch\0.1.42\jsch-0.1.42.jar;D:\apps\maven\apache-maven-3.5.3\maven-repository\com\google\code\findbugs\jsr305\1.3.9\jsr305-1.3.9.jar;D:\apps\maven\apache-maven-3.5.3\maven-repository\org\apache\commons\commons-compress\1.4.1\commons-compress-1.4.1.jar;D:\apps\maven\apache-maven-3.5.3\maven-repository\org\tukaani\xz\1.0\xz-1.0.jar;D:\apps\maven\apache-maven-3.5.3\maven-repository\org\apache\hadoop\hadoop-mapreduce-client-core\2.5.1\hadoop-mapreduce-client-core-2.5.1.jar;D:\apps\maven\apache-maven-3.5.3\maven-repository\org\apache\hadoop\hadoop-yarn-common\2.5.1\hadoop-yarn-common-2.5.1.jar;D:\apps\maven\apache-maven-3.5.3\maven-repository\org\apache\hadoop\hadoop-yarn-api\2.5.1\hadoop-yarn-api-2.5.1.jar;D:\apps\maven\apache-maven-3.5.3\maven-repository\javax\xml\bind\jaxb-api\2.2.2\jaxb-api-2.2.2.jar;D:\apps\maven\apache-maven-3.5.3\maven-repository\javax\xml\stream\stax-api\1.0-2\stax-api-1.0-2.jar;D:\apps\maven\apache-maven-3.5.3\maven-repository\javax\activation\activation\1.1\activation-1.1.jar;D:\apps\maven\apache-maven-3.5.3\maven-repository\io\netty\netty\3.6.2.Final\netty-3.6.2.Final.jar;D:\apps\maven\apache-maven-3.5.3\maven-repository\com\alibaba\fastjson\1.2.58\fastjson-1.2.58.jar;
2019-11-14 11:51:15 INFO  ZooKeeper:100 - Client environment:java.library.path=D:\apps\JDK8_64\jre\bin;C:\Windows\Sun\Java\bin;C:\Windows\system32;C:\Windows;D:\apps\idea\IntelliJ IDEA 2019.1.3\jre64\\bin;D:\apps\idea\IntelliJ IDEA 2019.1.3\jre64\\bin\server;C:\Program Files (x86)\NetSarang\Xshell 6\;C:\Program Files (x86)\NetSarang\Xftp 6\;C:\Windows\system32;C:\Windows;C:\Windows\System32\Wbem;C:\Windows\System32\WindowsPowerShell\v1.0\;C:\Program Files\Git\cmd;D:\apps\JDK8_64\bin;D:\apps\maven\apache-maven-3.5.3\bin\;D:\apps\tomcat\apache-tomcat-9.0.21\bin;D:\apps\nodejs\;D:\apps\hadoop-2.5.1\hadoop-2.5.1\bin;D:\apps\hadoop-2.5.1\hadoop-2.5.1\sbin;D:\apps\nodejs\node_global;.
2019-11-14 11:51:15 INFO  ZooKeeper:100 - Client environment:java.io.tmpdir=C:\Users\1308-L~1\AppData\Local\Temp\
2019-11-14 11:51:15 INFO  ZooKeeper:100 - Client environment:java.compiler=<NA>
2019-11-14 11:51:15 INFO  ZooKeeper:100 - Client environment:os.name=Windows 7
2019-11-14 11:51:15 INFO  ZooKeeper:100 - Client environment:os.arch=amd64
2019-11-14 11:51:15 INFO  ZooKeeper:100 - Client environment:os.version=6.1
2019-11-14 11:51:15 INFO  ZooKeeper:100 - Client environment:user.name=1308-Lunus
2019-11-14 11:51:15 INFO  ZooKeeper:100 - Client environment:user.home=C:\Users\1308-Lunus
2019-11-14 11:51:15 INFO  ZooKeeper:100 - Client environment:user.dir=D:\code\NettyReceiver
2019-11-14 11:51:15 INFO  ZooKeeper:438 - Initiating client connection, connectString=192.168.0.131:2181 sessionTimeout=90000 watcher=org.apache.hadoop.hbase.zookeeper.PendingWatcher@10db82ae
2019-11-14 11:51:15 DEBUG ClientCnxn:102 - zookeeper.disableAutoWatchReset is false
2019-11-14 11:51:15 INFO  ClientCnxn:975 - Opening socket connection to server 192.168.0.131/192.168.0.131:2181. Will not attempt to authenticate using SASL (unknown error)
2019-11-14 11:51:15 INFO  ClientCnxn:852 - Socket connection established to 192.168.0.131/192.168.0.131:2181, initiating session
2019-11-14 11:51:15 DEBUG ClientCnxn:892 - Session establishment request sent on 192.168.0.131/192.168.0.131:2181
2019-11-14 11:51:15 INFO  ClientCnxn:1235 - Session establishment complete on server 192.168.0.131/192.168.0.131:2181, sessionid = 0x16e642c34a40017, negotiated timeout = 90000
2019-11-14 11:51:15 DEBUG ZooKeeperWatcher:600 - hconnection-0x780cb770x0, quorum=192.168.0.131:2181, baseZNode=/hbase Received ZooKeeper Event, type=None, state=SyncConnected, path=null
2019-11-14 11:51:15 DEBUG ZooKeeperWatcher:663 - hconnection-0x780cb77-0x16e642c34a40017 connected
2019-11-14 11:51:15 DEBUG ClientCnxn:818 - Reading reply sessionid:0x16e642c34a40017, packet:: clientPath:null serverPath:null finished:false header:: 1,3  replyHeader:: 1,229,0  request:: '/hbase/hbaseid,F  response:: s{64,64,1573638655733,1573638655733,0,0,0,0,67,0,64} 
2019-11-14 11:51:15 DEBUG ClientCnxn:818 - Reading reply sessionid:0x16e642c34a40017, packet:: clientPath:null serverPath:null finished:false header:: 2,4  replyHeader:: 2,229,0  request:: '/hbase/hbaseid,F  response:: #ffffffff000146d61737465723a3630303030ffffffbd51ffffffefffffffa7ffffff895e374950425546a2430623364343863652d333939392d346133642d613330322d386437623731636464663764,s{64,64,1573638655733,1573638655733,0,0,0,0,67,0,64} 
2019-11-14 11:51:15 DEBUG AbstractRpcClient:116 - Codec=org.apache.hadoop.hbase.codec.KeyValueCodec@515c6049, compressor=null, tcpKeepAlive=true, tcpNoDelay=true, connectTO=10000, readTO=20000, writeTO=60000, minIdleTimeBeforeClose=120000, maxRetries=0, fallbackAllowed=false, bind address=null
2019-11-14 11:51:15 DEBUG ClientCnxn:818 - Reading reply sessionid:0x16e642c34a40017, packet:: clientPath:null serverPath:null finished:false header:: 3,4  replyHeader:: 3,229,0  request:: '/hbase/meta-region-server,F  response:: #ffffffff0001a726567696f6e7365727665723a3136323031ffffffbbffffffb83c7016ffffff856fffffff350425546a12a66d617374657210ffffffc97e18ffffff8effffffb9ffffffb0ffffffa1ffffffe62d100183,s{93,93,1573638662526,1573638662526,0,0,0,0,59,0,93} 
2019-11-14 11:51:15 DEBUG ClientCnxn:818 - Reading reply sessionid:0x16e642c34a40017, packet:: clientPath:null serverPath:null finished:false header:: 4,8  replyHeader:: 4,229,0  request:: '/hbase,F  response:: v{'replication,'meta-region-server,'rs,'splitWAL,'backup-masters,'table-lock,'flush-table-proc,'master-maintenance,'region-in-transition,'online-snapshot,'master,'switch,'running,'recovering-regions,'draining,'namespace,'hbaseid,'table} 
2019-11-14 11:51:15 DEBUG RpcClientImpl:353 - Use SIMPLE authentication for service ClientService, sasl=false
2019-11-14 11:51:15 DEBUG RpcClientImpl:718 - Connecting to master/192.168.0.131:16201
2019-11-14 12:02:00 DEBUG InternalLoggerFactory:43 - Using SLF4J as the default logging framework
2019-11-14 12:02:00 DEBUG MultithreadEventLoopGroup:44 - -Dio.netty.eventLoopThreads: 8
2019-11-14 12:02:00 DEBUG InternalThreadLocalMap:54 - -Dio.netty.threadLocalMap.stringBuilder.initialSize: 1024
2019-11-14 12:02:00 DEBUG InternalThreadLocalMap:57 - -Dio.netty.threadLocalMap.stringBuilder.maxSize: 4096
2019-11-14 12:02:00 DEBUG NioEventLoop:106 - -Dio.netty.noKeySetOptimization: false
2019-11-14 12:02:00 DEBUG NioEventLoop:107 - -Dio.netty.selectorAutoRebuildThreshold: 512
2019-11-14 12:02:00 DEBUG PlatformDependent:985 - Platform: Windows
2019-11-14 12:02:00 DEBUG PlatformDependent0:395 - -Dio.netty.noUnsafe: false
2019-11-14 12:02:00 DEBUG PlatformDependent0:851 - Java version: 8
2019-11-14 12:02:00 DEBUG PlatformDependent0:120 - sun.misc.Unsafe.theUnsafe: available
2019-11-14 12:02:00 DEBUG PlatformDependent0:144 - sun.misc.Unsafe.copyMemory: available
2019-11-14 12:02:00 DEBUG PlatformDependent0:182 - java.nio.Buffer.address: available
2019-11-14 12:02:00 DEBUG PlatformDependent0:243 - direct buffer constructor: available
2019-11-14 12:02:00 DEBUG PlatformDependent0:313 - java.nio.Bits.unaligned: available, true
2019-11-14 12:02:00 DEBUG PlatformDependent0:378 - jdk.internal.misc.Unsafe.allocateUninitializedArray(int): unavailable prior to Java9
2019-11-14 12:02:00 DEBUG PlatformDependent0:385 - java.nio.DirectByteBuffer.<init>(long, int): available
2019-11-14 12:02:00 DEBUG PlatformDependent:1028 - sun.misc.Unsafe: available
2019-11-14 12:02:00 DEBUG PlatformDependent:1147 - -Dio.netty.tmpdir: C:\Users\1308-L~1\AppData\Local\Temp (java.io.tmpdir)
2019-11-14 12:02:00 DEBUG PlatformDependent:1226 - -Dio.netty.bitMode: 64 (sun.arch.data.model)
2019-11-14 12:02:00 DEBUG PlatformDependent:173 - -Dio.netty.maxDirectMemory: 1881145344 bytes
2019-11-14 12:02:00 DEBUG PlatformDependent:180 - -Dio.netty.uninitializedArrayAllocationThreshold: -1
2019-11-14 12:02:00 DEBUG CleanerJava6:92 - java.nio.ByteBuffer.cleaner(): available
2019-11-14 12:02:00 DEBUG PlatformDependent:200 - -Dio.netty.noPreferDirect: false
2019-11-14 12:02:00 DEBUG PlatformDependent:890 - org.jctools-core.MpscChunkedArrayQueue: available
2019-11-14 12:02:00 DEBUG DefaultChannelId:79 - -Dio.netty.processId: 10268 (auto-detected)
2019-11-14 12:02:00 DEBUG NetUtil:139 - -Djava.net.preferIPv4Stack: false
2019-11-14 12:02:00 DEBUG NetUtil:140 - -Djava.net.preferIPv6Addresses: false
2019-11-14 12:02:00 DEBUG NetUtil:224 - Loopback interface: lo (Software Loopback Interface 1, 127.0.0.1)
2019-11-14 12:02:00 DEBUG NetUtil:289 - Failed to get SOMAXCONN from sysctl and file \proc\sys\net\core\somaxconn. Default: 200
2019-11-14 12:02:00 DEBUG DefaultChannelId:101 - -Dio.netty.machineId: 14:dd:a9:ff:fe:7e:27:05 (auto-detected)
2019-11-14 12:02:00 DEBUG ResourceLeakDetector:129 - -Dio.netty.leakDetection.level: simple
2019-11-14 12:02:00 DEBUG ResourceLeakDetector:130 - -Dio.netty.leakDetection.targetRecords: 4
2019-11-14 12:02:00 DEBUG PooledByteBufAllocator:142 - -Dio.netty.allocator.numHeapArenas: 8
2019-11-14 12:02:00 DEBUG PooledByteBufAllocator:143 - -Dio.netty.allocator.numDirectArenas: 8
2019-11-14 12:02:00 DEBUG PooledByteBufAllocator:145 - -Dio.netty.allocator.pageSize: 8192
2019-11-14 12:02:00 DEBUG PooledByteBufAllocator:150 - -Dio.netty.allocator.maxOrder: 11
2019-11-14 12:02:00 DEBUG PooledByteBufAllocator:154 - -Dio.netty.allocator.chunkSize: 16777216
2019-11-14 12:02:00 DEBUG PooledByteBufAllocator:155 - -Dio.netty.allocator.tinyCacheSize: 512
2019-11-14 12:02:00 DEBUG PooledByteBufAllocator:156 - -Dio.netty.allocator.smallCacheSize: 256
2019-11-14 12:02:00 DEBUG PooledByteBufAllocator:157 - -Dio.netty.allocator.normalCacheSize: 64
2019-11-14 12:02:00 DEBUG PooledByteBufAllocator:158 - -Dio.netty.allocator.maxCachedBufferCapacity: 32768
2019-11-14 12:02:00 DEBUG PooledByteBufAllocator:159 - -Dio.netty.allocator.cacheTrimInterval: 8192
2019-11-14 12:02:00 DEBUG PooledByteBufAllocator:160 - -Dio.netty.allocator.cacheTrimIntervalMillis: 0
2019-11-14 12:02:00 DEBUG PooledByteBufAllocator:161 - -Dio.netty.allocator.useCacheForAllThreads: true
2019-11-14 12:02:00 DEBUG PooledByteBufAllocator:162 - -Dio.netty.allocator.maxCachedByteBuffersPerChunk: 1023
2019-11-14 12:02:00 DEBUG ByteBufUtil:85 - -Dio.netty.allocator.type: pooled
2019-11-14 12:02:00 DEBUG ByteBufUtil:94 - -Dio.netty.threadLocalDirectBufferSize: 0
2019-11-14 12:02:00 DEBUG ByteBufUtil:97 - -Dio.netty.maxThreadLocalCharBufferSize: 16384
2019-11-14 12:02:06 DEBUG Recycler:96 - -Dio.netty.recycler.maxCapacityPerThread: 4096
2019-11-14 12:02:06 DEBUG Recycler:97 - -Dio.netty.recycler.maxSharedCapacityFactor: 2
2019-11-14 12:02:06 DEBUG Recycler:98 - -Dio.netty.recycler.linkCapacity: 16
2019-11-14 12:02:06 DEBUG Recycler:99 - -Dio.netty.recycler.ratio: 8
2019-11-14 12:02:06 DEBUG AbstractByteBuf:62 - -Dio.netty.buffer.checkAccessible: true
2019-11-14 12:02:06 DEBUG AbstractByteBuf:63 - -Dio.netty.buffer.checkBounds: true
2019-11-14 12:02:06 DEBUG ResourceLeakDetectorFactory:202 - Loaded default ResourceLeakDetector: io.netty.util.ResourceLeakDetector@50f914a1
2019-11-14 12:02:06 DEBUG Groups:238 -  Creating new Groups object
2019-11-14 12:02:06 DEBUG NativeCodeLoader:46 - Trying to load the custom-built native-hadoop library...
2019-11-14 12:02:06 DEBUG NativeCodeLoader:50 - Loaded the native-hadoop library
2019-11-14 12:02:06 DEBUG JniBasedUnixGroupsMapping:50 - Using JniBasedUnixGroupsMapping for Group resolution
2019-11-14 12:02:06 DEBUG JniBasedUnixGroupsMappingWithFallback:44 - Group mapping impl=org.apache.hadoop.security.JniBasedUnixGroupsMapping
2019-11-14 12:02:06 DEBUG Groups:80 - Group mapping impl=org.apache.hadoop.security.JniBasedUnixGroupsMappingWithFallback; cacheTimeout=300000; warningDeltaMs=5000
2019-11-14 12:02:06 DEBUG MutableMetricsFactory:42 - field org.apache.hadoop.metrics2.lib.MutableRate org.apache.hadoop.security.UserGroupInformation$UgiMetrics.loginSuccess with annotation @org.apache.hadoop.metrics2.annotation.Metric(always=false, about=, sampleName=Ops, type=DEFAULT, value=[Rate of successful kerberos logins and latency (milliseconds)], valueName=Time)
2019-11-14 12:02:06 DEBUG MutableMetricsFactory:42 - field org.apache.hadoop.metrics2.lib.MutableRate org.apache.hadoop.security.UserGroupInformation$UgiMetrics.loginFailure with annotation @org.apache.hadoop.metrics2.annotation.Metric(always=false, about=, sampleName=Ops, type=DEFAULT, value=[Rate of failed kerberos logins and latency (milliseconds)], valueName=Time)
2019-11-14 12:02:06 DEBUG MutableMetricsFactory:42 - field org.apache.hadoop.metrics2.lib.MutableRate org.apache.hadoop.security.UserGroupInformation$UgiMetrics.getGroups with annotation @org.apache.hadoop.metrics2.annotation.Metric(always=false, about=, sampleName=Ops, type=DEFAULT, value=[GetGroups], valueName=Time)
2019-11-14 12:02:06 DEBUG MetricsSystemImpl:221 - UgiMetrics, User and group related metrics
2019-11-14 12:02:07 DEBUG KerberosName:88 - Kerberos krb5 configuration not found, setting default realm to empty
2019-11-14 12:02:07 DEBUG UserGroupInformation:195 - hadoop login
2019-11-14 12:02:07 DEBUG UserGroupInformation:144 - hadoop login commit
2019-11-14 12:02:07 DEBUG UserGroupInformation:174 - using local user:NTUserPrincipal: 1308-Lunus
2019-11-14 12:02:07 DEBUG UserGroupInformation:785 - UGI loginUser:1308-Lunus (auth:SIMPLE)
2019-11-14 12:02:07 INFO  RecoverableZooKeeper:120 - Process identifier=hconnection-0x4f5c0658 connecting to ZooKeeper ensemble=192.168.0.131:2181
2019-11-14 12:02:07 INFO  ZooKeeper:100 - Client environment:zookeeper.version=3.4.6-1569965, built on 02/20/2014 09:09 GMT
2019-11-14 12:02:07 INFO  ZooKeeper:100 - Client environment:host.name=1308-Lunus-PC
2019-11-14 12:02:07 INFO  ZooKeeper:100 - Client environment:java.version=1.8.0_40
2019-11-14 12:02:07 INFO  ZooKeeper:100 - Client environment:java.vendor=Oracle Corporation
2019-11-14 12:02:07 INFO  ZooKeeper:100 - Client environment:java.home=D:\apps\JDK8_64\jre
2019-11-14 12:02:07 INFO  ZooKeeper:100 - Client environment:java.class.path=D:\apps\JDK8_64\jre\lib\charsets.jar;D:\apps\JDK8_64\jre\lib\deploy.jar;D:\apps\JDK8_64\jre\lib\ext\access-bridge-64.jar;D:\apps\JDK8_64\jre\lib\ext\cldrdata.jar;D:\apps\JDK8_64\jre\lib\ext\dnsns.jar;D:\apps\JDK8_64\jre\lib\ext\jaccess.jar;D:\apps\JDK8_64\jre\lib\ext\jfxrt.jar;D:\apps\JDK8_64\jre\lib\ext\localedata.jar;D:\apps\JDK8_64\jre\lib\ext\nashorn.jar;D:\apps\JDK8_64\jre\lib\ext\sunec.jar;D:\apps\JDK8_64\jre\lib\ext\sunjce_provider.jar;D:\apps\JDK8_64\jre\lib\ext\sunmscapi.jar;D:\apps\JDK8_64\jre\lib\ext\sunpkcs11.jar;D:\apps\JDK8_64\jre\lib\ext\zipfs.jar;D:\apps\JDK8_64\jre\lib\javaws.jar;D:\apps\JDK8_64\jre\lib\jce.jar;D:\apps\JDK8_64\jre\lib\jfr.jar;D:\apps\JDK8_64\jre\lib\jfxswt.jar;D:\apps\JDK8_64\jre\lib\jsse.jar;D:\apps\JDK8_64\jre\lib\management-agent.jar;D:\apps\JDK8_64\jre\lib\plugin.jar;D:\apps\JDK8_64\jre\lib\resources.jar;D:\apps\JDK8_64\jre\lib\rt.jar;D:\code\NettyReceiver\target\classes;D:\apps\maven\apache-maven-3.5.3\maven-repository\io\netty\netty-all\4.1.41.Final\netty-all-4.1.41.Final.jar;D:\apps\maven\apache-maven-3.5.3\maven-repository\org\projectlombok\lombok\1.18.10\lombok-1.18.10.jar;D:\apps\maven\apache-maven-3.5.3\maven-repository\redis\clients\jedis\2.9.0\jedis-2.9.0.jar;D:\apps\maven\apache-maven-3.5.3\maven-repository\org\apache\commons\commons-pool2\2.4.2\commons-pool2-2.4.2.jar;D:\apps\maven\apache-maven-3.5.3\maven-repository\org\apache\hbase\hbase-client\1.3.2\hbase-client-1.3.2.jar;D:\apps\maven\apache-maven-3.5.3\maven-repository\org\apache\hbase\hbase-annotations\1.3.2\hbase-annotations-1.3.2.jar;D:\apps\maven\apache-maven-3.5.3\maven-repository\com\github\stephenc\findbugs\findbugs-annotations\1.3.9-1\findbugs-annotations-1.3.9-1.jar;D:\apps\maven\apache-maven-3.5.3\maven-repository\log4j\log4j\1.2.17\log4j-1.2.17.jar;D:\apps\maven\apache-maven-3.5.3\maven-repository\junit\junit\4.12\junit-4.12.jar;D:\apps\maven\apache-maven-3.5.3\maven-repository\org\hamcrest\hamcrest-core\1.3\hamcrest-core-1.3.jar;D:\apps\maven\apache-maven-3.5.3\maven-repository\org\apache\hbase\hbase-common\1.3.2\hbase-common-1.3.2.jar;D:\apps\maven\apache-maven-3.5.3\maven-repository\commons-collections\commons-collections\3.2.2\commons-collections-3.2.2.jar;D:\apps\maven\apache-maven-3.5.3\maven-repository\org\mortbay\jetty\jetty-util\6.1.26\jetty-util-6.1.26.jar;D:\apps\maven\apache-maven-3.5.3\maven-repository\org\apache\hbase\hbase-protocol\1.3.2\hbase-protocol-1.3.2.jar;D:\apps\maven\apache-maven-3.5.3\maven-repository\commons-codec\commons-codec\1.9\commons-codec-1.9.jar;D:\apps\maven\apache-maven-3.5.3\maven-repository\commons-io\commons-io\2.4\commons-io-2.4.jar;D:\apps\maven\apache-maven-3.5.3\maven-repository\commons-lang\commons-lang\2.6\commons-lang-2.6.jar;D:\apps\maven\apache-maven-3.5.3\maven-repository\commons-logging\commons-logging\1.2\commons-logging-1.2.jar;D:\apps\maven\apache-maven-3.5.3\maven-repository\com\google\guava\guava\12.0.1\guava-12.0.1.jar;D:\apps\maven\apache-maven-3.5.3\maven-repository\com\google\protobuf\protobuf-java\2.5.0\protobuf-java-2.5.0.jar;D:\apps\maven\apache-maven-3.5.3\maven-repository\org\apache\zookeeper\zookeeper\3.4.6\zookeeper-3.4.6.jar;D:\apps\maven\apache-maven-3.5.3\maven-repository\org\slf4j\slf4j-api\1.6.1\slf4j-api-1.6.1.jar;D:\apps\maven\apache-maven-3.5.3\maven-repository\org\slf4j\slf4j-log4j12\1.6.1\slf4j-log4j12-1.6.1.jar;D:\apps\maven\apache-maven-3.5.3\maven-repository\org\apache\htrace\htrace-core\3.1.0-incubating\htrace-core-3.1.0-incubating.jar;D:\apps\maven\apache-maven-3.5.3\maven-repository\org\codehaus\jackson\jackson-mapper-asl\1.9.13\jackson-mapper-asl-1.9.13.jar;D:\apps\maven\apache-maven-3.5.3\maven-repository\org\codehaus\jackson\jackson-core-asl\1.9.13\jackson-core-asl-1.9.13.jar;D:\apps\maven\apache-maven-3.5.3\maven-repository\org\jruby\jcodings\jcodings\1.0.8\jcodings-1.0.8.jar;D:\apps\maven\apache-maven-3.5.3\maven-repository\org\jruby\joni\joni\2.1.2\joni-2.1.2.jar;D:\apps\maven\apache-maven-3.5.3\maven-repository\com\yammer\metrics\metrics-core\2.2.0\metrics-core-2.2.0.jar;D:\apps\maven\apache-maven-3.5.3\maven-repository\org\apache\hadoop\hadoop-auth\2.5.1\hadoop-auth-2.5.1.jar;D:\apps\maven\apache-maven-3.5.3\maven-repository\org\apache\httpcomponents\httpclient\4.2.5\httpclient-4.2.5.jar;D:\apps\maven\apache-maven-3.5.3\maven-repository\org\apache\httpcomponents\httpcore\4.2.4\httpcore-4.2.4.jar;D:\apps\maven\apache-maven-3.5.3\maven-repository\org\apache\directory\server\apacheds-kerberos-codec\2.0.0-M15\apacheds-kerberos-codec-2.0.0-M15.jar;D:\apps\maven\apache-maven-3.5.3\maven-repository\org\apache\directory\server\apacheds-i18n\2.0.0-M15\apacheds-i18n-2.0.0-M15.jar;D:\apps\maven\apache-maven-3.5.3\maven-repository\org\apache\directory\api\api-asn1-api\1.0.0-M20\api-asn1-api-1.0.0-M20.jar;D:\apps\maven\apache-maven-3.5.3\maven-repository\org\apache\directory\api\api-util\1.0.0-M20\api-util-1.0.0-M20.jar;D:\apps\maven\apache-maven-3.5.3\maven-repository\org\apache\hadoop\hadoop-common\2.5.1\hadoop-common-2.5.1.jar;D:\apps\maven\apache-maven-3.5.3\maven-repository\org\apache\hadoop\hadoop-annotations\2.5.1\hadoop-annotations-2.5.1.jar;D:\apps\JDK8_64\lib\tools.jar;D:\apps\maven\apache-maven-3.5.3\maven-repository\commons-cli\commons-cli\1.2\commons-cli-1.2.jar;D:\apps\maven\apache-maven-3.5.3\maven-repository\org\apache\commons\commons-math3\3.1.1\commons-math3-3.1.1.jar;D:\apps\maven\apache-maven-3.5.3\maven-repository\xmlenc\xmlenc\0.52\xmlenc-0.52.jar;D:\apps\maven\apache-maven-3.5.3\maven-repository\commons-httpclient\commons-httpclient\3.1\commons-httpclient-3.1.jar;D:\apps\maven\apache-maven-3.5.3\maven-repository\commons-net\commons-net\3.1\commons-net-3.1.jar;D:\apps\maven\apache-maven-3.5.3\maven-repository\commons-el\commons-el\1.0\commons-el-1.0.jar;D:\apps\maven\apache-maven-3.5.3\maven-repository\commons-configuration\commons-configuration\1.6\commons-configuration-1.6.jar;D:\apps\maven\apache-maven-3.5.3\maven-repository\commons-digester\commons-digester\1.8\commons-digester-1.8.jar;D:\apps\maven\apache-maven-3.5.3\maven-repository\commons-beanutils\commons-beanutils\1.7.0\commons-beanutils-1.7.0.jar;D:\apps\maven\apache-maven-3.5.3\maven-repository\commons-beanutils\commons-beanutils-core\1.8.0\commons-beanutils-core-1.8.0.jar;D:\apps\maven\apache-maven-3.5.3\maven-repository\org\apache\avro\avro\1.7.4\avro-1.7.4.jar;D:\apps\maven\apache-maven-3.5.3\maven-repository\com\thoughtworks\paranamer\paranamer\2.3\paranamer-2.3.jar;D:\apps\maven\apache-maven-3.5.3\maven-repository\org\xerial\snappy\snappy-java\1.0.4.1\snappy-java-1.0.4.1.jar;D:\apps\maven\apache-maven-3.5.3\maven-repository\com\jcraft\jsch\0.1.42\jsch-0.1.42.jar;D:\apps\maven\apache-maven-3.5.3\maven-repository\com\google\code\findbugs\jsr305\1.3.9\jsr305-1.3.9.jar;D:\apps\maven\apache-maven-3.5.3\maven-repository\org\apache\commons\commons-compress\1.4.1\commons-compress-1.4.1.jar;D:\apps\maven\apache-maven-3.5.3\maven-repository\org\tukaani\xz\1.0\xz-1.0.jar;D:\apps\maven\apache-maven-3.5.3\maven-repository\org\apache\hadoop\hadoop-mapreduce-client-core\2.5.1\hadoop-mapreduce-client-core-2.5.1.jar;D:\apps\maven\apache-maven-3.5.3\maven-repository\org\apache\hadoop\hadoop-yarn-common\2.5.1\hadoop-yarn-common-2.5.1.jar;D:\apps\maven\apache-maven-3.5.3\maven-repository\org\apache\hadoop\hadoop-yarn-api\2.5.1\hadoop-yarn-api-2.5.1.jar;D:\apps\maven\apache-maven-3.5.3\maven-repository\javax\xml\bind\jaxb-api\2.2.2\jaxb-api-2.2.2.jar;D:\apps\maven\apache-maven-3.5.3\maven-repository\javax\xml\stream\stax-api\1.0-2\stax-api-1.0-2.jar;D:\apps\maven\apache-maven-3.5.3\maven-repository\javax\activation\activation\1.1\activation-1.1.jar;D:\apps\maven\apache-maven-3.5.3\maven-repository\io\netty\netty\3.6.2.Final\netty-3.6.2.Final.jar;D:\apps\maven\apache-maven-3.5.3\maven-repository\com\alibaba\fastjson\1.2.58\fastjson-1.2.58.jar;D:\apps\idea\IntelliJ IDEA 2019.1.3\lib\idea_rt.jar
2019-11-14 12:02:07 INFO  ZooKeeper:100 - Client environment:java.library.path=D:\apps\JDK8_64\bin;C:\Windows\Sun\Java\bin;C:\Windows\system32;C:\Windows;D:\apps\idea\IntelliJ IDEA 2019.1.3\jre64\\bin;D:\apps\idea\IntelliJ IDEA 2019.1.3\jre64\\bin\server;C:\Program Files (x86)\NetSarang\Xshell 6\;C:\Program Files (x86)\NetSarang\Xftp 6\;C:\Windows\system32;C:\Windows;C:\Windows\System32\Wbem;C:\Windows\System32\WindowsPowerShell\v1.0\;C:\Program Files\Git\cmd;D:\apps\JDK8_64\bin;D:\apps\maven\apache-maven-3.5.3\bin\;D:\apps\tomcat\apache-tomcat-9.0.21\bin;D:\apps\nodejs\;D:\apps\hadoop-2.5.1\hadoop-2.5.1\bin;D:\apps\hadoop-2.5.1\hadoop-2.5.1\sbin;D:\apps\nodejs\node_global;.
2019-11-14 12:02:07 INFO  ZooKeeper:100 - Client environment:java.io.tmpdir=C:\Users\1308-L~1\AppData\Local\Temp\
2019-11-14 12:02:07 INFO  ZooKeeper:100 - Client environment:java.compiler=<NA>
2019-11-14 12:02:07 INFO  ZooKeeper:100 - Client environment:os.name=Windows 7
2019-11-14 12:02:07 INFO  ZooKeeper:100 - Client environment:os.arch=amd64
2019-11-14 12:02:07 INFO  ZooKeeper:100 - Client environment:os.version=6.1
2019-11-14 12:02:07 INFO  ZooKeeper:100 - Client environment:user.name=1308-Lunus
2019-11-14 12:02:07 INFO  ZooKeeper:100 - Client environment:user.home=C:\Users\1308-Lunus
2019-11-14 12:02:07 INFO  ZooKeeper:100 - Client environment:user.dir=D:\code\NettyReceiver
2019-11-14 12:02:07 INFO  ZooKeeper:438 - Initiating client connection, connectString=192.168.0.131:2181 sessionTimeout=90000 watcher=org.apache.hadoop.hbase.zookeeper.PendingWatcher@1034764f
2019-11-14 12:02:07 DEBUG ClientCnxn:102 - zookeeper.disableAutoWatchReset is false
2019-11-14 12:02:07 INFO  ClientCnxn:975 - Opening socket connection to server 192.168.0.131/192.168.0.131:2181. Will not attempt to authenticate using SASL (unknown error)
2019-11-14 12:02:07 INFO  ClientCnxn:852 - Socket connection established to 192.168.0.131/192.168.0.131:2181, initiating session
2019-11-14 12:02:07 DEBUG ClientCnxn:892 - Session establishment request sent on 192.168.0.131/192.168.0.131:2181
2019-11-14 12:02:07 INFO  ClientCnxn:1235 - Session establishment complete on server 192.168.0.131/192.168.0.131:2181, sessionid = 0x16e642c34a40018, negotiated timeout = 90000
2019-11-14 12:02:07 DEBUG ZooKeeperWatcher:600 - hconnection-0x4f5c06580x0, quorum=192.168.0.131:2181, baseZNode=/hbase Received ZooKeeper Event, type=None, state=SyncConnected, path=null
2019-11-14 12:02:07 DEBUG ZooKeeperWatcher:663 - hconnection-0x4f5c0658-0x16e642c34a40018 connected
2019-11-14 12:02:07 DEBUG ClientCnxn:818 - Reading reply sessionid:0x16e642c34a40018, packet:: clientPath:null serverPath:null finished:false header:: 1,3  replyHeader:: 1,231,0  request:: '/hbase/hbaseid,F  response:: s{64,64,1573638655733,1573638655733,0,0,0,0,67,0,64} 
2019-11-14 12:02:07 DEBUG ClientCnxn:818 - Reading reply sessionid:0x16e642c34a40018, packet:: clientPath:null serverPath:null finished:false header:: 2,4  replyHeader:: 2,231,0  request:: '/hbase/hbaseid,F  response:: #ffffffff000146d61737465723a3630303030ffffffbd51ffffffefffffffa7ffffff895e374950425546a2430623364343863652d333939392d346133642d613330322d386437623731636464663764,s{64,64,1573638655733,1573638655733,0,0,0,0,67,0,64} 
2019-11-14 12:02:07 DEBUG AbstractRpcClient:116 - Codec=org.apache.hadoop.hbase.codec.KeyValueCodec@6023bb5e, compressor=null, tcpKeepAlive=true, tcpNoDelay=true, connectTO=10000, readTO=20000, writeTO=60000, minIdleTimeBeforeClose=120000, maxRetries=0, fallbackAllowed=false, bind address=null
2019-11-14 12:02:07 DEBUG ClientCnxn:818 - Reading reply sessionid:0x16e642c34a40018, packet:: clientPath:null serverPath:null finished:false header:: 3,4  replyHeader:: 3,231,0  request:: '/hbase/meta-region-server,F  response:: #ffffffff0001a726567696f6e7365727665723a3136323031ffffffbbffffffb83c7016ffffff856fffffff350425546a12a66d617374657210ffffffc97e18ffffff8effffffb9ffffffb0ffffffa1ffffffe62d100183,s{93,93,1573638662526,1573638662526,0,0,0,0,59,0,93} 
2019-11-14 12:02:07 DEBUG ClientCnxn:818 - Reading reply sessionid:0x16e642c34a40018, packet:: clientPath:null serverPath:null finished:false header:: 4,8  replyHeader:: 4,231,0  request:: '/hbase,F  response:: v{'replication,'meta-region-server,'rs,'splitWAL,'backup-masters,'table-lock,'flush-table-proc,'master-maintenance,'region-in-transition,'online-snapshot,'master,'switch,'running,'recovering-regions,'draining,'namespace,'hbaseid,'table} 
2019-11-14 12:02:07 DEBUG RpcClientImpl:353 - Use SIMPLE authentication for service ClientService, sasl=false
2019-11-14 12:02:07 DEBUG RpcClientImpl:718 - Connecting to master/192.168.0.131:16201
2019-11-14 12:02:07 DEBUG ClientCnxn:818 - Reading reply sessionid:0x16e642c34a40018, packet:: clientPath:null serverPath:null finished:false header:: 5,3  replyHeader:: 5,231,0  request:: '/hbase,F  response:: s{4,4,1573094993420,1573094993420,0,24,0,0,0,18,106} 
2019-11-14 12:02:07 DEBUG ClientCnxn:818 - Reading reply sessionid:0x16e642c34a40018, packet:: clientPath:null serverPath:null finished:false header:: 6,4  replyHeader:: 6,231,0  request:: '/hbase/master,F  response:: #ffffffff000146d61737465723a3630303030ffffffebffffffdc15ffffffe3ffffffbf2fffffffea2350425546a13a66d617374657210ffffffe0ffffffd4318ffffffe9ffffffaaffffffb0ffffffa1ffffffe62d10018fffffff4ffffffd43,s{61,61,1573638653519,1573638653519,0,0,0,103129982500601856,56,0,61} 
2019-11-14 12:02:07 DEBUG RpcClientImpl:353 - Use SIMPLE authentication for service MasterService, sasl=false
2019-11-14 12:02:07 DEBUG RpcClientImpl:718 - Connecting to master/192.168.0.131:60000
2019-11-14 12:02:09 INFO  HBaseAdmin:792 - Created 404040383634333736303439383137373032
2019-11-14 12:02:16 WARN  DefaultChannelPipeline:1164 - An exceptionCaught() event was fired, and it reached at the tail of the pipeline. It usually means the last handler in the pipeline did not handle the exception.
java.io.IOException: 远程主机强迫关闭了一个现有的连接。
	at sun.nio.ch.SocketDispatcher.read0(Native Method)
	at sun.nio.ch.SocketDispatcher.read(SocketDispatcher.java:43)
	at sun.nio.ch.IOUtil.readIntoNativeBuffer(IOUtil.java:223)
	at sun.nio.ch.IOUtil.read(IOUtil.java:192)
	at sun.nio.ch.SocketChannelImpl.read(SocketChannelImpl.java:380)
	at io.netty.buffer.PooledByteBuf.setBytes(PooledByteBuf.java:247)
	at io.netty.buffer.AbstractByteBuf.writeBytes(AbstractByteBuf.java:1147)
	at io.netty.channel.socket.nio.NioSocketChannel.doReadBytes(NioSocketChannel.java:347)
	at io.netty.channel.nio.AbstractNioByteChannel$NioByteUnsafe.read(AbstractNioByteChannel.java:148)
	at io.netty.channel.nio.NioEventLoop.processSelectedKey(NioEventLoop.java:700)
	at io.netty.channel.nio.NioEventLoop.processSelectedKeysOptimized(NioEventLoop.java:635)
	at io.netty.channel.nio.NioEventLoop.processSelectedKeys(NioEventLoop.java:552)
	at io.netty.channel.nio.NioEventLoop.run(NioEventLoop.java:514)
	at io.netty.util.concurrent.SingleThreadEventExecutor$6.run(SingleThreadEventExecutor.java:1044)
	at io.netty.util.internal.ThreadExecutorMap$2.run(ThreadExecutorMap.java:74)
	at io.netty.util.concurrent.FastThreadLocalRunnable.run(FastThreadLocalRunnable.java:30)
	at java.lang.Thread.run(Thread.java:745)
2019-11-14 12:08:55 DEBUG InternalLoggerFactory:43 - Using SLF4J as the default logging framework
2019-11-14 12:08:55 DEBUG MultithreadEventLoopGroup:44 - -Dio.netty.eventLoopThreads: 8
2019-11-14 12:08:55 DEBUG InternalThreadLocalMap:54 - -Dio.netty.threadLocalMap.stringBuilder.initialSize: 1024
2019-11-14 12:08:55 DEBUG InternalThreadLocalMap:57 - -Dio.netty.threadLocalMap.stringBuilder.maxSize: 4096
2019-11-14 12:08:55 DEBUG NioEventLoop:106 - -Dio.netty.noKeySetOptimization: false
2019-11-14 12:08:55 DEBUG NioEventLoop:107 - -Dio.netty.selectorAutoRebuildThreshold: 512
2019-11-14 12:08:55 DEBUG PlatformDependent:985 - Platform: Windows
2019-11-14 12:08:55 DEBUG PlatformDependent0:395 - -Dio.netty.noUnsafe: false
2019-11-14 12:08:55 DEBUG PlatformDependent0:851 - Java version: 8
2019-11-14 12:08:55 DEBUG PlatformDependent0:120 - sun.misc.Unsafe.theUnsafe: available
2019-11-14 12:08:55 DEBUG PlatformDependent0:144 - sun.misc.Unsafe.copyMemory: available
2019-11-14 12:08:55 DEBUG PlatformDependent0:182 - java.nio.Buffer.address: available
2019-11-14 12:08:55 DEBUG PlatformDependent0:243 - direct buffer constructor: available
2019-11-14 12:08:55 DEBUG PlatformDependent0:313 - java.nio.Bits.unaligned: available, true
2019-11-14 12:08:55 DEBUG PlatformDependent0:378 - jdk.internal.misc.Unsafe.allocateUninitializedArray(int): unavailable prior to Java9
2019-11-14 12:08:55 DEBUG PlatformDependent0:385 - java.nio.DirectByteBuffer.<init>(long, int): available
2019-11-14 12:08:55 DEBUG PlatformDependent:1028 - sun.misc.Unsafe: available
2019-11-14 12:08:55 DEBUG PlatformDependent:1147 - -Dio.netty.tmpdir: C:\Users\1308-L~1\AppData\Local\Temp (java.io.tmpdir)
2019-11-14 12:08:55 DEBUG PlatformDependent:1226 - -Dio.netty.bitMode: 64 (sun.arch.data.model)
2019-11-14 12:08:55 DEBUG PlatformDependent:173 - -Dio.netty.maxDirectMemory: 1881145344 bytes
2019-11-14 12:08:55 DEBUG PlatformDependent:180 - -Dio.netty.uninitializedArrayAllocationThreshold: -1
2019-11-14 12:08:55 DEBUG CleanerJava6:92 - java.nio.ByteBuffer.cleaner(): available
2019-11-14 12:08:55 DEBUG PlatformDependent:200 - -Dio.netty.noPreferDirect: false
2019-11-14 12:08:55 DEBUG PlatformDependent:890 - org.jctools-core.MpscChunkedArrayQueue: available
2019-11-14 12:08:55 DEBUG DefaultChannelId:79 - -Dio.netty.processId: 12144 (auto-detected)
2019-11-14 12:08:55 DEBUG NetUtil:139 - -Djava.net.preferIPv4Stack: false
2019-11-14 12:08:55 DEBUG NetUtil:140 - -Djava.net.preferIPv6Addresses: false
2019-11-14 12:08:55 DEBUG NetUtil:224 - Loopback interface: lo (Software Loopback Interface 1, 127.0.0.1)
2019-11-14 12:08:55 DEBUG NetUtil:289 - Failed to get SOMAXCONN from sysctl and file \proc\sys\net\core\somaxconn. Default: 200
2019-11-14 12:08:55 DEBUG DefaultChannelId:101 - -Dio.netty.machineId: 14:dd:a9:ff:fe:7e:27:05 (auto-detected)
2019-11-14 12:08:55 DEBUG ResourceLeakDetector:129 - -Dio.netty.leakDetection.level: simple
2019-11-14 12:08:55 DEBUG ResourceLeakDetector:130 - -Dio.netty.leakDetection.targetRecords: 4
2019-11-14 12:08:55 DEBUG PooledByteBufAllocator:142 - -Dio.netty.allocator.numHeapArenas: 8
2019-11-14 12:08:55 DEBUG PooledByteBufAllocator:143 - -Dio.netty.allocator.numDirectArenas: 8
2019-11-14 12:08:55 DEBUG PooledByteBufAllocator:145 - -Dio.netty.allocator.pageSize: 8192
2019-11-14 12:08:55 DEBUG PooledByteBufAllocator:150 - -Dio.netty.allocator.maxOrder: 11
2019-11-14 12:08:55 DEBUG PooledByteBufAllocator:154 - -Dio.netty.allocator.chunkSize: 16777216
2019-11-14 12:08:55 DEBUG PooledByteBufAllocator:155 - -Dio.netty.allocator.tinyCacheSize: 512
2019-11-14 12:08:55 DEBUG PooledByteBufAllocator:156 - -Dio.netty.allocator.smallCacheSize: 256
2019-11-14 12:08:55 DEBUG PooledByteBufAllocator:157 - -Dio.netty.allocator.normalCacheSize: 64
2019-11-14 12:08:55 DEBUG PooledByteBufAllocator:158 - -Dio.netty.allocator.maxCachedBufferCapacity: 32768
2019-11-14 12:08:55 DEBUG PooledByteBufAllocator:159 - -Dio.netty.allocator.cacheTrimInterval: 8192
2019-11-14 12:08:55 DEBUG PooledByteBufAllocator:160 - -Dio.netty.allocator.cacheTrimIntervalMillis: 0
2019-11-14 12:08:55 DEBUG PooledByteBufAllocator:161 - -Dio.netty.allocator.useCacheForAllThreads: true
2019-11-14 12:08:55 DEBUG PooledByteBufAllocator:162 - -Dio.netty.allocator.maxCachedByteBuffersPerChunk: 1023
2019-11-14 12:08:55 DEBUG ByteBufUtil:85 - -Dio.netty.allocator.type: pooled
2019-11-14 12:08:55 DEBUG ByteBufUtil:94 - -Dio.netty.threadLocalDirectBufferSize: 0
2019-11-14 12:08:55 DEBUG ByteBufUtil:97 - -Dio.netty.maxThreadLocalCharBufferSize: 16384
2019-11-14 12:09:04 DEBUG Recycler:96 - -Dio.netty.recycler.maxCapacityPerThread: 4096
2019-11-14 12:09:04 DEBUG Recycler:97 - -Dio.netty.recycler.maxSharedCapacityFactor: 2
2019-11-14 12:09:04 DEBUG Recycler:98 - -Dio.netty.recycler.linkCapacity: 16
2019-11-14 12:09:04 DEBUG Recycler:99 - -Dio.netty.recycler.ratio: 8
2019-11-14 12:09:04 DEBUG AbstractByteBuf:62 - -Dio.netty.buffer.checkAccessible: true
2019-11-14 12:09:04 DEBUG AbstractByteBuf:63 - -Dio.netty.buffer.checkBounds: true
2019-11-14 12:09:04 DEBUG ResourceLeakDetectorFactory:202 - Loaded default ResourceLeakDetector: io.netty.util.ResourceLeakDetector@1a40a14c
2019-11-14 12:09:05 DEBUG Groups:238 -  Creating new Groups object
2019-11-14 12:09:05 DEBUG NativeCodeLoader:46 - Trying to load the custom-built native-hadoop library...
2019-11-14 12:09:05 DEBUG NativeCodeLoader:50 - Loaded the native-hadoop library
2019-11-14 12:09:05 DEBUG JniBasedUnixGroupsMapping:50 - Using JniBasedUnixGroupsMapping for Group resolution
2019-11-14 12:09:05 DEBUG JniBasedUnixGroupsMappingWithFallback:44 - Group mapping impl=org.apache.hadoop.security.JniBasedUnixGroupsMapping
2019-11-14 12:09:05 DEBUG Groups:80 - Group mapping impl=org.apache.hadoop.security.JniBasedUnixGroupsMappingWithFallback; cacheTimeout=300000; warningDeltaMs=5000
2019-11-14 12:09:05 DEBUG MutableMetricsFactory:42 - field org.apache.hadoop.metrics2.lib.MutableRate org.apache.hadoop.security.UserGroupInformation$UgiMetrics.loginSuccess with annotation @org.apache.hadoop.metrics2.annotation.Metric(always=false, about=, sampleName=Ops, type=DEFAULT, value=[Rate of successful kerberos logins and latency (milliseconds)], valueName=Time)
2019-11-14 12:09:05 DEBUG MutableMetricsFactory:42 - field org.apache.hadoop.metrics2.lib.MutableRate org.apache.hadoop.security.UserGroupInformation$UgiMetrics.loginFailure with annotation @org.apache.hadoop.metrics2.annotation.Metric(always=false, about=, sampleName=Ops, type=DEFAULT, value=[Rate of failed kerberos logins and latency (milliseconds)], valueName=Time)
2019-11-14 12:09:05 DEBUG MutableMetricsFactory:42 - field org.apache.hadoop.metrics2.lib.MutableRate org.apache.hadoop.security.UserGroupInformation$UgiMetrics.getGroups with annotation @org.apache.hadoop.metrics2.annotation.Metric(always=false, about=, sampleName=Ops, type=DEFAULT, value=[GetGroups], valueName=Time)
2019-11-14 12:09:05 DEBUG MetricsSystemImpl:221 - UgiMetrics, User and group related metrics
2019-11-14 12:09:05 DEBUG KerberosName:88 - Kerberos krb5 configuration not found, setting default realm to empty
2019-11-14 12:09:05 DEBUG UserGroupInformation:195 - hadoop login
2019-11-14 12:09:05 DEBUG UserGroupInformation:144 - hadoop login commit
2019-11-14 12:09:05 DEBUG UserGroupInformation:174 - using local user:NTUserPrincipal: 1308-Lunus
2019-11-14 12:09:05 DEBUG UserGroupInformation:785 - UGI loginUser:1308-Lunus (auth:SIMPLE)
2019-11-14 12:09:05 INFO  RecoverableZooKeeper:120 - Process identifier=hconnection-0x3562eef3 connecting to ZooKeeper ensemble=192.168.0.131:2181
2019-11-14 12:09:05 INFO  ZooKeeper:100 - Client environment:zookeeper.version=3.4.6-1569965, built on 02/20/2014 09:09 GMT
2019-11-14 12:09:05 INFO  ZooKeeper:100 - Client environment:host.name=1308-Lunus-PC
2019-11-14 12:09:05 INFO  ZooKeeper:100 - Client environment:java.version=1.8.0_40
2019-11-14 12:09:05 INFO  ZooKeeper:100 - Client environment:java.vendor=Oracle Corporation
2019-11-14 12:09:05 INFO  ZooKeeper:100 - Client environment:java.home=D:\apps\JDK8_64\jre
2019-11-14 12:09:05 INFO  ZooKeeper:100 - Client environment:java.class.path=D:\apps\JDK8_64\jre\lib\charsets.jar;D:\apps\JDK8_64\jre\lib\deploy.jar;D:\apps\JDK8_64\jre\lib\ext\access-bridge-64.jar;D:\apps\JDK8_64\jre\lib\ext\cldrdata.jar;D:\apps\JDK8_64\jre\lib\ext\dnsns.jar;D:\apps\JDK8_64\jre\lib\ext\jaccess.jar;D:\apps\JDK8_64\jre\lib\ext\jfxrt.jar;D:\apps\JDK8_64\jre\lib\ext\localedata.jar;D:\apps\JDK8_64\jre\lib\ext\nashorn.jar;D:\apps\JDK8_64\jre\lib\ext\sunec.jar;D:\apps\JDK8_64\jre\lib\ext\sunjce_provider.jar;D:\apps\JDK8_64\jre\lib\ext\sunmscapi.jar;D:\apps\JDK8_64\jre\lib\ext\sunpkcs11.jar;D:\apps\JDK8_64\jre\lib\ext\zipfs.jar;D:\apps\JDK8_64\jre\lib\javaws.jar;D:\apps\JDK8_64\jre\lib\jce.jar;D:\apps\JDK8_64\jre\lib\jfr.jar;D:\apps\JDK8_64\jre\lib\jfxswt.jar;D:\apps\JDK8_64\jre\lib\jsse.jar;D:\apps\JDK8_64\jre\lib\management-agent.jar;D:\apps\JDK8_64\jre\lib\plugin.jar;D:\apps\JDK8_64\jre\lib\resources.jar;D:\apps\JDK8_64\jre\lib\rt.jar;D:\code\NettyReceiver\target\classes;D:\apps\maven\apache-maven-3.5.3\maven-repository\io\netty\netty-all\4.1.41.Final\netty-all-4.1.41.Final.jar;D:\apps\maven\apache-maven-3.5.3\maven-repository\org\projectlombok\lombok\1.18.10\lombok-1.18.10.jar;D:\apps\maven\apache-maven-3.5.3\maven-repository\redis\clients\jedis\2.9.0\jedis-2.9.0.jar;D:\apps\maven\apache-maven-3.5.3\maven-repository\org\apache\commons\commons-pool2\2.4.2\commons-pool2-2.4.2.jar;D:\apps\maven\apache-maven-3.5.3\maven-repository\org\apache\hbase\hbase-client\1.3.2\hbase-client-1.3.2.jar;D:\apps\maven\apache-maven-3.5.3\maven-repository\org\apache\hbase\hbase-annotations\1.3.2\hbase-annotations-1.3.2.jar;D:\apps\maven\apache-maven-3.5.3\maven-repository\com\github\stephenc\findbugs\findbugs-annotations\1.3.9-1\findbugs-annotations-1.3.9-1.jar;D:\apps\maven\apache-maven-3.5.3\maven-repository\log4j\log4j\1.2.17\log4j-1.2.17.jar;D:\apps\maven\apache-maven-3.5.3\maven-repository\junit\junit\4.12\junit-4.12.jar;D:\apps\maven\apache-maven-3.5.3\maven-repository\org\hamcrest\hamcrest-core\1.3\hamcrest-core-1.3.jar;D:\apps\maven\apache-maven-3.5.3\maven-repository\org\apache\hbase\hbase-common\1.3.2\hbase-common-1.3.2.jar;D:\apps\maven\apache-maven-3.5.3\maven-repository\commons-collections\commons-collections\3.2.2\commons-collections-3.2.2.jar;D:\apps\maven\apache-maven-3.5.3\maven-repository\org\mortbay\jetty\jetty-util\6.1.26\jetty-util-6.1.26.jar;D:\apps\maven\apache-maven-3.5.3\maven-repository\org\apache\hbase\hbase-protocol\1.3.2\hbase-protocol-1.3.2.jar;D:\apps\maven\apache-maven-3.5.3\maven-repository\commons-codec\commons-codec\1.9\commons-codec-1.9.jar;D:\apps\maven\apache-maven-3.5.3\maven-repository\commons-io\commons-io\2.4\commons-io-2.4.jar;D:\apps\maven\apache-maven-3.5.3\maven-repository\commons-lang\commons-lang\2.6\commons-lang-2.6.jar;D:\apps\maven\apache-maven-3.5.3\maven-repository\commons-logging\commons-logging\1.2\commons-logging-1.2.jar;D:\apps\maven\apache-maven-3.5.3\maven-repository\com\google\guava\guava\12.0.1\guava-12.0.1.jar;D:\apps\maven\apache-maven-3.5.3\maven-repository\com\google\protobuf\protobuf-java\2.5.0\protobuf-java-2.5.0.jar;D:\apps\maven\apache-maven-3.5.3\maven-repository\org\apache\zookeeper\zookeeper\3.4.6\zookeeper-3.4.6.jar;D:\apps\maven\apache-maven-3.5.3\maven-repository\org\slf4j\slf4j-api\1.6.1\slf4j-api-1.6.1.jar;D:\apps\maven\apache-maven-3.5.3\maven-repository\org\slf4j\slf4j-log4j12\1.6.1\slf4j-log4j12-1.6.1.jar;D:\apps\maven\apache-maven-3.5.3\maven-repository\org\apache\htrace\htrace-core\3.1.0-incubating\htrace-core-3.1.0-incubating.jar;D:\apps\maven\apache-maven-3.5.3\maven-repository\org\codehaus\jackson\jackson-mapper-asl\1.9.13\jackson-mapper-asl-1.9.13.jar;D:\apps\maven\apache-maven-3.5.3\maven-repository\org\codehaus\jackson\jackson-core-asl\1.9.13\jackson-core-asl-1.9.13.jar;D:\apps\maven\apache-maven-3.5.3\maven-repository\org\jruby\jcodings\jcodings\1.0.8\jcodings-1.0.8.jar;D:\apps\maven\apache-maven-3.5.3\maven-repository\org\jruby\joni\joni\2.1.2\joni-2.1.2.jar;D:\apps\maven\apache-maven-3.5.3\maven-repository\com\yammer\metrics\metrics-core\2.2.0\metrics-core-2.2.0.jar;D:\apps\maven\apache-maven-3.5.3\maven-repository\org\apache\hadoop\hadoop-auth\2.5.1\hadoop-auth-2.5.1.jar;D:\apps\maven\apache-maven-3.5.3\maven-repository\org\apache\httpcomponents\httpclient\4.2.5\httpclient-4.2.5.jar;D:\apps\maven\apache-maven-3.5.3\maven-repository\org\apache\httpcomponents\httpcore\4.2.4\httpcore-4.2.4.jar;D:\apps\maven\apache-maven-3.5.3\maven-repository\org\apache\directory\server\apacheds-kerberos-codec\2.0.0-M15\apacheds-kerberos-codec-2.0.0-M15.jar;D:\apps\maven\apache-maven-3.5.3\maven-repository\org\apache\directory\server\apacheds-i18n\2.0.0-M15\apacheds-i18n-2.0.0-M15.jar;D:\apps\maven\apache-maven-3.5.3\maven-repository\org\apache\directory\api\api-asn1-api\1.0.0-M20\api-asn1-api-1.0.0-M20.jar;D:\apps\maven\apache-maven-3.5.3\maven-repository\org\apache\directory\api\api-util\1.0.0-M20\api-util-1.0.0-M20.jar;D:\apps\maven\apache-maven-3.5.3\maven-repository\org\apache\hadoop\hadoop-common\2.5.1\hadoop-common-2.5.1.jar;D:\apps\maven\apache-maven-3.5.3\maven-repository\org\apache\hadoop\hadoop-annotations\2.5.1\hadoop-annotations-2.5.1.jar;D:\apps\JDK8_64\lib\tools.jar;D:\apps\maven\apache-maven-3.5.3\maven-repository\commons-cli\commons-cli\1.2\commons-cli-1.2.jar;D:\apps\maven\apache-maven-3.5.3\maven-repository\org\apache\commons\commons-math3\3.1.1\commons-math3-3.1.1.jar;D:\apps\maven\apache-maven-3.5.3\maven-repository\xmlenc\xmlenc\0.52\xmlenc-0.52.jar;D:\apps\maven\apache-maven-3.5.3\maven-repository\commons-httpclient\commons-httpclient\3.1\commons-httpclient-3.1.jar;D:\apps\maven\apache-maven-3.5.3\maven-repository\commons-net\commons-net\3.1\commons-net-3.1.jar;D:\apps\maven\apache-maven-3.5.3\maven-repository\commons-el\commons-el\1.0\commons-el-1.0.jar;D:\apps\maven\apache-maven-3.5.3\maven-repository\commons-configuration\commons-configuration\1.6\commons-configuration-1.6.jar;D:\apps\maven\apache-maven-3.5.3\maven-repository\commons-digester\commons-digester\1.8\commons-digester-1.8.jar;D:\apps\maven\apache-maven-3.5.3\maven-repository\commons-beanutils\commons-beanutils\1.7.0\commons-beanutils-1.7.0.jar;D:\apps\maven\apache-maven-3.5.3\maven-repository\commons-beanutils\commons-beanutils-core\1.8.0\commons-beanutils-core-1.8.0.jar;D:\apps\maven\apache-maven-3.5.3\maven-repository\org\apache\avro\avro\1.7.4\avro-1.7.4.jar;D:\apps\maven\apache-maven-3.5.3\maven-repository\com\thoughtworks\paranamer\paranamer\2.3\paranamer-2.3.jar;D:\apps\maven\apache-maven-3.5.3\maven-repository\org\xerial\snappy\snappy-java\1.0.4.1\snappy-java-1.0.4.1.jar;D:\apps\maven\apache-maven-3.5.3\maven-repository\com\jcraft\jsch\0.1.42\jsch-0.1.42.jar;D:\apps\maven\apache-maven-3.5.3\maven-repository\com\google\code\findbugs\jsr305\1.3.9\jsr305-1.3.9.jar;D:\apps\maven\apache-maven-3.5.3\maven-repository\org\apache\commons\commons-compress\1.4.1\commons-compress-1.4.1.jar;D:\apps\maven\apache-maven-3.5.3\maven-repository\org\tukaani\xz\1.0\xz-1.0.jar;D:\apps\maven\apache-maven-3.5.3\maven-repository\org\apache\hadoop\hadoop-mapreduce-client-core\2.5.1\hadoop-mapreduce-client-core-2.5.1.jar;D:\apps\maven\apache-maven-3.5.3\maven-repository\org\apache\hadoop\hadoop-yarn-common\2.5.1\hadoop-yarn-common-2.5.1.jar;D:\apps\maven\apache-maven-3.5.3\maven-repository\org\apache\hadoop\hadoop-yarn-api\2.5.1\hadoop-yarn-api-2.5.1.jar;D:\apps\maven\apache-maven-3.5.3\maven-repository\javax\xml\bind\jaxb-api\2.2.2\jaxb-api-2.2.2.jar;D:\apps\maven\apache-maven-3.5.3\maven-repository\javax\xml\stream\stax-api\1.0-2\stax-api-1.0-2.jar;D:\apps\maven\apache-maven-3.5.3\maven-repository\javax\activation\activation\1.1\activation-1.1.jar;D:\apps\maven\apache-maven-3.5.3\maven-repository\io\netty\netty\3.6.2.Final\netty-3.6.2.Final.jar;D:\apps\maven\apache-maven-3.5.3\maven-repository\com\alibaba\fastjson\1.2.58\fastjson-1.2.58.jar;D:\apps\idea\IntelliJ IDEA 2019.1.3\lib\idea_rt.jar
2019-11-14 12:09:05 INFO  ZooKeeper:100 - Client environment:java.library.path=D:\apps\JDK8_64\bin;C:\Windows\Sun\Java\bin;C:\Windows\system32;C:\Windows;D:\apps\idea\IntelliJ IDEA 2019.1.3\jre64\\bin;D:\apps\idea\IntelliJ IDEA 2019.1.3\jre64\\bin\server;C:\Program Files (x86)\NetSarang\Xshell 6\;C:\Program Files (x86)\NetSarang\Xftp 6\;C:\Windows\system32;C:\Windows;C:\Windows\System32\Wbem;C:\Windows\System32\WindowsPowerShell\v1.0\;C:\Program Files\Git\cmd;D:\apps\JDK8_64\bin;D:\apps\maven\apache-maven-3.5.3\bin\;D:\apps\tomcat\apache-tomcat-9.0.21\bin;D:\apps\nodejs\;D:\apps\hadoop-2.5.1\hadoop-2.5.1\bin;D:\apps\hadoop-2.5.1\hadoop-2.5.1\sbin;D:\apps\nodejs\node_global;.
2019-11-14 12:09:05 INFO  ZooKeeper:100 - Client environment:java.io.tmpdir=C:\Users\1308-L~1\AppData\Local\Temp\
2019-11-14 12:09:05 INFO  ZooKeeper:100 - Client environment:java.compiler=<NA>
2019-11-14 12:09:05 INFO  ZooKeeper:100 - Client environment:os.name=Windows 7
2019-11-14 12:09:05 INFO  ZooKeeper:100 - Client environment:os.arch=amd64
2019-11-14 12:09:05 INFO  ZooKeeper:100 - Client environment:os.version=6.1
2019-11-14 12:09:05 INFO  ZooKeeper:100 - Client environment:user.name=1308-Lunus
2019-11-14 12:09:05 INFO  ZooKeeper:100 - Client environment:user.home=C:\Users\1308-Lunus
2019-11-14 12:09:05 INFO  ZooKeeper:100 - Client environment:user.dir=D:\code\NettyReceiver
2019-11-14 12:09:05 INFO  ZooKeeper:438 - Initiating client connection, connectString=192.168.0.131:2181 sessionTimeout=90000 watcher=org.apache.hadoop.hbase.zookeeper.PendingWatcher@3f81b78
2019-11-14 12:09:05 DEBUG ClientCnxn:102 - zookeeper.disableAutoWatchReset is false
2019-11-14 12:09:05 INFO  ClientCnxn:975 - Opening socket connection to server 192.168.0.131/192.168.0.131:2181. Will not attempt to authenticate using SASL (unknown error)
2019-11-14 12:09:05 INFO  ClientCnxn:852 - Socket connection established to 192.168.0.131/192.168.0.131:2181, initiating session
2019-11-14 12:09:05 DEBUG ClientCnxn:892 - Session establishment request sent on 192.168.0.131/192.168.0.131:2181
2019-11-14 12:09:05 INFO  ClientCnxn:1235 - Session establishment complete on server 192.168.0.131/192.168.0.131:2181, sessionid = 0x16e642c34a40019, negotiated timeout = 90000
2019-11-14 12:09:05 DEBUG ZooKeeperWatcher:600 - hconnection-0x3562eef30x0, quorum=192.168.0.131:2181, baseZNode=/hbase Received ZooKeeper Event, type=None, state=SyncConnected, path=null
2019-11-14 12:09:05 DEBUG ZooKeeperWatcher:663 - hconnection-0x3562eef3-0x16e642c34a40019 connected
2019-11-14 12:09:05 DEBUG ClientCnxn:818 - Reading reply sessionid:0x16e642c34a40019, packet:: clientPath:null serverPath:null finished:false header:: 1,3  replyHeader:: 1,244,0  request:: '/hbase/hbaseid,F  response:: s{64,64,1573638655733,1573638655733,0,0,0,0,67,0,64} 
2019-11-14 12:09:05 DEBUG ClientCnxn:818 - Reading reply sessionid:0x16e642c34a40019, packet:: clientPath:null serverPath:null finished:false header:: 2,4  replyHeader:: 2,244,0  request:: '/hbase/hbaseid,F  response:: #ffffffff000146d61737465723a3630303030ffffffbd51ffffffefffffffa7ffffff895e374950425546a2430623364343863652d333939392d346133642d613330322d386437623731636464663764,s{64,64,1573638655733,1573638655733,0,0,0,0,67,0,64} 
2019-11-14 12:09:05 DEBUG AbstractRpcClient:116 - Codec=org.apache.hadoop.hbase.codec.KeyValueCodec@1170805b, compressor=null, tcpKeepAlive=true, tcpNoDelay=true, connectTO=10000, readTO=20000, writeTO=60000, minIdleTimeBeforeClose=120000, maxRetries=0, fallbackAllowed=false, bind address=null
2019-11-14 12:09:05 DEBUG ClientCnxn:818 - Reading reply sessionid:0x16e642c34a40019, packet:: clientPath:null serverPath:null finished:false header:: 3,4  replyHeader:: 3,244,0  request:: '/hbase/meta-region-server,F  response:: #ffffffff0001a726567696f6e7365727665723a3136323031ffffffbbffffffb83c7016ffffff856fffffff350425546a12a66d617374657210ffffffc97e18ffffff8effffffb9ffffffb0ffffffa1ffffffe62d100183,s{93,93,1573638662526,1573638662526,0,0,0,0,59,0,93} 
2019-11-14 12:09:05 DEBUG ClientCnxn:818 - Reading reply sessionid:0x16e642c34a40019, packet:: clientPath:null serverPath:null finished:false header:: 4,8  replyHeader:: 4,244,0  request:: '/hbase,F  response:: v{'replication,'meta-region-server,'rs,'splitWAL,'backup-masters,'table-lock,'flush-table-proc,'master-maintenance,'region-in-transition,'online-snapshot,'master,'switch,'running,'recovering-regions,'draining,'namespace,'hbaseid,'table} 
2019-11-14 12:09:05 DEBUG RpcClientImpl:353 - Use SIMPLE authentication for service ClientService, sasl=false
2019-11-14 12:09:05 DEBUG RpcClientImpl:718 - Connecting to master/192.168.0.131:16201
2019-11-14 12:09:08 WARN  DefaultChannelPipeline:1164 - An exceptionCaught() event was fired, and it reached at the tail of the pipeline. It usually means the last handler in the pipeline did not handle the exception.
java.io.IOException: 远程主机强迫关闭了一个现有的连接。
	at sun.nio.ch.SocketDispatcher.read0(Native Method)
	at sun.nio.ch.SocketDispatcher.read(SocketDispatcher.java:43)
	at sun.nio.ch.IOUtil.readIntoNativeBuffer(IOUtil.java:223)
	at sun.nio.ch.IOUtil.read(IOUtil.java:192)
	at sun.nio.ch.SocketChannelImpl.read(SocketChannelImpl.java:380)
	at io.netty.buffer.PooledByteBuf.setBytes(PooledByteBuf.java:247)
	at io.netty.buffer.AbstractByteBuf.writeBytes(AbstractByteBuf.java:1147)
	at io.netty.channel.socket.nio.NioSocketChannel.doReadBytes(NioSocketChannel.java:347)
	at io.netty.channel.nio.AbstractNioByteChannel$NioByteUnsafe.read(AbstractNioByteChannel.java:148)
	at io.netty.channel.nio.NioEventLoop.processSelectedKey(NioEventLoop.java:700)
	at io.netty.channel.nio.NioEventLoop.processSelectedKeysOptimized(NioEventLoop.java:635)
	at io.netty.channel.nio.NioEventLoop.processSelectedKeys(NioEventLoop.java:552)
	at io.netty.channel.nio.NioEventLoop.run(NioEventLoop.java:514)
	at io.netty.util.concurrent.SingleThreadEventExecutor$6.run(SingleThreadEventExecutor.java:1044)
	at io.netty.util.internal.ThreadExecutorMap$2.run(ThreadExecutorMap.java:74)
	at io.netty.util.concurrent.FastThreadLocalRunnable.run(FastThreadLocalRunnable.java:30)
	at java.lang.Thread.run(Thread.java:745)
2019-11-14 12:09:14 DEBUG Groups:238 -  Creating new Groups object
2019-11-14 12:09:14 DEBUG NativeCodeLoader:46 - Trying to load the custom-built native-hadoop library...
2019-11-14 12:09:14 DEBUG NativeCodeLoader:50 - Loaded the native-hadoop library
2019-11-14 12:09:14 DEBUG JniBasedUnixGroupsMapping:50 - Using JniBasedUnixGroupsMapping for Group resolution
2019-11-14 12:09:14 DEBUG JniBasedUnixGroupsMappingWithFallback:44 - Group mapping impl=org.apache.hadoop.security.JniBasedUnixGroupsMapping
2019-11-14 12:09:14 DEBUG Groups:80 - Group mapping impl=org.apache.hadoop.security.JniBasedUnixGroupsMappingWithFallback; cacheTimeout=300000; warningDeltaMs=5000
2019-11-14 12:09:15 DEBUG MutableMetricsFactory:42 - field org.apache.hadoop.metrics2.lib.MutableRate org.apache.hadoop.security.UserGroupInformation$UgiMetrics.loginSuccess with annotation @org.apache.hadoop.metrics2.annotation.Metric(about=, sampleName=Ops, always=false, type=DEFAULT, value=[Rate of successful kerberos logins and latency (milliseconds)], valueName=Time)
2019-11-14 12:09:15 DEBUG MutableMetricsFactory:42 - field org.apache.hadoop.metrics2.lib.MutableRate org.apache.hadoop.security.UserGroupInformation$UgiMetrics.loginFailure with annotation @org.apache.hadoop.metrics2.annotation.Metric(about=, sampleName=Ops, always=false, type=DEFAULT, value=[Rate of failed kerberos logins and latency (milliseconds)], valueName=Time)
2019-11-14 12:09:15 DEBUG MutableMetricsFactory:42 - field org.apache.hadoop.metrics2.lib.MutableRate org.apache.hadoop.security.UserGroupInformation$UgiMetrics.getGroups with annotation @org.apache.hadoop.metrics2.annotation.Metric(about=, sampleName=Ops, always=false, type=DEFAULT, value=[GetGroups], valueName=Time)
2019-11-14 12:09:15 DEBUG MetricsSystemImpl:221 - UgiMetrics, User and group related metrics
2019-11-14 12:09:15 DEBUG KerberosName:88 - Kerberos krb5 configuration not found, setting default realm to empty
2019-11-14 12:09:15 DEBUG UserGroupInformation:195 - hadoop login
2019-11-14 12:09:15 DEBUG UserGroupInformation:144 - hadoop login commit
2019-11-14 12:09:15 DEBUG UserGroupInformation:174 - using local user:NTUserPrincipal: 1308-Lunus
2019-11-14 12:09:15 DEBUG UserGroupInformation:785 - UGI loginUser:1308-Lunus (auth:SIMPLE)
2019-11-14 12:09:15 INFO  RecoverableZooKeeper:120 - Process identifier=hconnection-0x780cb77 connecting to ZooKeeper ensemble=192.168.0.131:2181
2019-11-14 12:09:15 INFO  ZooKeeper:100 - Client environment:zookeeper.version=3.4.6-1569965, built on 02/20/2014 09:09 GMT
2019-11-14 12:09:15 INFO  ZooKeeper:100 - Client environment:host.name=1308-Lunus-PC
2019-11-14 12:09:15 INFO  ZooKeeper:100 - Client environment:java.version=1.8.0_40
2019-11-14 12:09:15 INFO  ZooKeeper:100 - Client environment:java.vendor=Oracle Corporation
2019-11-14 12:09:15 INFO  ZooKeeper:100 - Client environment:java.home=D:\apps\JDK8_64\jre
2019-11-14 12:09:15 INFO  ZooKeeper:100 - Client environment:java.class.path=D:\code\NettyReceiver\target\test-classes;D:\code\NettyReceiver\target\classes;D:\apps\maven\apache-maven-3.5.3\maven-repository\io\netty\netty-all\4.1.41.Final\netty-all-4.1.41.Final.jar;D:\apps\maven\apache-maven-3.5.3\maven-repository\org\projectlombok\lombok\1.18.10\lombok-1.18.10.jar;D:\apps\maven\apache-maven-3.5.3\maven-repository\redis\clients\jedis\2.9.0\jedis-2.9.0.jar;D:\apps\maven\apache-maven-3.5.3\maven-repository\org\apache\commons\commons-pool2\2.4.2\commons-pool2-2.4.2.jar;D:\apps\maven\apache-maven-3.5.3\maven-repository\org\apache\hbase\hbase-client\1.3.2\hbase-client-1.3.2.jar;D:\apps\maven\apache-maven-3.5.3\maven-repository\org\apache\hbase\hbase-annotations\1.3.2\hbase-annotations-1.3.2.jar;D:\apps\maven\apache-maven-3.5.3\maven-repository\com\github\stephenc\findbugs\findbugs-annotations\1.3.9-1\findbugs-annotations-1.3.9-1.jar;D:\apps\maven\apache-maven-3.5.3\maven-repository\log4j\log4j\1.2.17\log4j-1.2.17.jar;D:\apps\maven\apache-maven-3.5.3\maven-repository\junit\junit\4.12\junit-4.12.jar;D:\apps\maven\apache-maven-3.5.3\maven-repository\org\hamcrest\hamcrest-core\1.3\hamcrest-core-1.3.jar;D:\apps\maven\apache-maven-3.5.3\maven-repository\org\apache\hbase\hbase-common\1.3.2\hbase-common-1.3.2.jar;D:\apps\maven\apache-maven-3.5.3\maven-repository\commons-collections\commons-collections\3.2.2\commons-collections-3.2.2.jar;D:\apps\maven\apache-maven-3.5.3\maven-repository\org\mortbay\jetty\jetty-util\6.1.26\jetty-util-6.1.26.jar;D:\apps\maven\apache-maven-3.5.3\maven-repository\org\apache\hbase\hbase-protocol\1.3.2\hbase-protocol-1.3.2.jar;D:\apps\maven\apache-maven-3.5.3\maven-repository\commons-codec\commons-codec\1.9\commons-codec-1.9.jar;D:\apps\maven\apache-maven-3.5.3\maven-repository\commons-io\commons-io\2.4\commons-io-2.4.jar;D:\apps\maven\apache-maven-3.5.3\maven-repository\commons-lang\commons-lang\2.6\commons-lang-2.6.jar;D:\apps\maven\apache-maven-3.5.3\maven-repository\commons-logging\commons-logging\1.2\commons-logging-1.2.jar;D:\apps\maven\apache-maven-3.5.3\maven-repository\com\google\guava\guava\12.0.1\guava-12.0.1.jar;D:\apps\maven\apache-maven-3.5.3\maven-repository\com\google\protobuf\protobuf-java\2.5.0\protobuf-java-2.5.0.jar;D:\apps\maven\apache-maven-3.5.3\maven-repository\org\apache\zookeeper\zookeeper\3.4.6\zookeeper-3.4.6.jar;D:\apps\maven\apache-maven-3.5.3\maven-repository\org\slf4j\slf4j-api\1.6.1\slf4j-api-1.6.1.jar;D:\apps\maven\apache-maven-3.5.3\maven-repository\org\slf4j\slf4j-log4j12\1.6.1\slf4j-log4j12-1.6.1.jar;D:\apps\maven\apache-maven-3.5.3\maven-repository\org\apache\htrace\htrace-core\3.1.0-incubating\htrace-core-3.1.0-incubating.jar;D:\apps\maven\apache-maven-3.5.3\maven-repository\org\codehaus\jackson\jackson-mapper-asl\1.9.13\jackson-mapper-asl-1.9.13.jar;D:\apps\maven\apache-maven-3.5.3\maven-repository\org\codehaus\jackson\jackson-core-asl\1.9.13\jackson-core-asl-1.9.13.jar;D:\apps\maven\apache-maven-3.5.3\maven-repository\org\jruby\jcodings\jcodings\1.0.8\jcodings-1.0.8.jar;D:\apps\maven\apache-maven-3.5.3\maven-repository\org\jruby\joni\joni\2.1.2\joni-2.1.2.jar;D:\apps\maven\apache-maven-3.5.3\maven-repository\com\yammer\metrics\metrics-core\2.2.0\metrics-core-2.2.0.jar;D:\apps\maven\apache-maven-3.5.3\maven-repository\org\apache\hadoop\hadoop-auth\2.5.1\hadoop-auth-2.5.1.jar;D:\apps\maven\apache-maven-3.5.3\maven-repository\org\apache\httpcomponents\httpclient\4.2.5\httpclient-4.2.5.jar;D:\apps\maven\apache-maven-3.5.3\maven-repository\org\apache\httpcomponents\httpcore\4.2.4\httpcore-4.2.4.jar;D:\apps\maven\apache-maven-3.5.3\maven-repository\org\apache\directory\server\apacheds-kerberos-codec\2.0.0-M15\apacheds-kerberos-codec-2.0.0-M15.jar;D:\apps\maven\apache-maven-3.5.3\maven-repository\org\apache\directory\server\apacheds-i18n\2.0.0-M15\apacheds-i18n-2.0.0-M15.jar;D:\apps\maven\apache-maven-3.5.3\maven-repository\org\apache\directory\api\api-asn1-api\1.0.0-M20\api-asn1-api-1.0.0-M20.jar;D:\apps\maven\apache-maven-3.5.3\maven-repository\org\apache\directory\api\api-util\1.0.0-M20\api-util-1.0.0-M20.jar;D:\apps\maven\apache-maven-3.5.3\maven-repository\org\apache\hadoop\hadoop-common\2.5.1\hadoop-common-2.5.1.jar;D:\apps\maven\apache-maven-3.5.3\maven-repository\org\apache\hadoop\hadoop-annotations\2.5.1\hadoop-annotations-2.5.1.jar;D:\apps\JDK8_64\jre\..\lib\tools.jar;D:\apps\maven\apache-maven-3.5.3\maven-repository\commons-cli\commons-cli\1.2\commons-cli-1.2.jar;D:\apps\maven\apache-maven-3.5.3\maven-repository\org\apache\commons\commons-math3\3.1.1\commons-math3-3.1.1.jar;D:\apps\maven\apache-maven-3.5.3\maven-repository\xmlenc\xmlenc\0.52\xmlenc-0.52.jar;D:\apps\maven\apache-maven-3.5.3\maven-repository\commons-httpclient\commons-httpclient\3.1\commons-httpclient-3.1.jar;D:\apps\maven\apache-maven-3.5.3\maven-repository\commons-net\commons-net\3.1\commons-net-3.1.jar;D:\apps\maven\apache-maven-3.5.3\maven-repository\commons-el\commons-el\1.0\commons-el-1.0.jar;D:\apps\maven\apache-maven-3.5.3\maven-repository\commons-configuration\commons-configuration\1.6\commons-configuration-1.6.jar;D:\apps\maven\apache-maven-3.5.3\maven-repository\commons-digester\commons-digester\1.8\commons-digester-1.8.jar;D:\apps\maven\apache-maven-3.5.3\maven-repository\commons-beanutils\commons-beanutils\1.7.0\commons-beanutils-1.7.0.jar;D:\apps\maven\apache-maven-3.5.3\maven-repository\commons-beanutils\commons-beanutils-core\1.8.0\commons-beanutils-core-1.8.0.jar;D:\apps\maven\apache-maven-3.5.3\maven-repository\org\apache\avro\avro\1.7.4\avro-1.7.4.jar;D:\apps\maven\apache-maven-3.5.3\maven-repository\com\thoughtworks\paranamer\paranamer\2.3\paranamer-2.3.jar;D:\apps\maven\apache-maven-3.5.3\maven-repository\org\xerial\snappy\snappy-java\1.0.4.1\snappy-java-1.0.4.1.jar;D:\apps\maven\apache-maven-3.5.3\maven-repository\com\jcraft\jsch\0.1.42\jsch-0.1.42.jar;D:\apps\maven\apache-maven-3.5.3\maven-repository\com\google\code\findbugs\jsr305\1.3.9\jsr305-1.3.9.jar;D:\apps\maven\apache-maven-3.5.3\maven-repository\org\apache\commons\commons-compress\1.4.1\commons-compress-1.4.1.jar;D:\apps\maven\apache-maven-3.5.3\maven-repository\org\tukaani\xz\1.0\xz-1.0.jar;D:\apps\maven\apache-maven-3.5.3\maven-repository\org\apache\hadoop\hadoop-mapreduce-client-core\2.5.1\hadoop-mapreduce-client-core-2.5.1.jar;D:\apps\maven\apache-maven-3.5.3\maven-repository\org\apache\hadoop\hadoop-yarn-common\2.5.1\hadoop-yarn-common-2.5.1.jar;D:\apps\maven\apache-maven-3.5.3\maven-repository\org\apache\hadoop\hadoop-yarn-api\2.5.1\hadoop-yarn-api-2.5.1.jar;D:\apps\maven\apache-maven-3.5.3\maven-repository\javax\xml\bind\jaxb-api\2.2.2\jaxb-api-2.2.2.jar;D:\apps\maven\apache-maven-3.5.3\maven-repository\javax\xml\stream\stax-api\1.0-2\stax-api-1.0-2.jar;D:\apps\maven\apache-maven-3.5.3\maven-repository\javax\activation\activation\1.1\activation-1.1.jar;D:\apps\maven\apache-maven-3.5.3\maven-repository\io\netty\netty\3.6.2.Final\netty-3.6.2.Final.jar;D:\apps\maven\apache-maven-3.5.3\maven-repository\com\alibaba\fastjson\1.2.58\fastjson-1.2.58.jar;
2019-11-14 12:09:15 INFO  ZooKeeper:100 - Client environment:java.library.path=D:\apps\JDK8_64\jre\bin;C:\Windows\Sun\Java\bin;C:\Windows\system32;C:\Windows;D:\apps\idea\IntelliJ IDEA 2019.1.3\jre64\\bin;D:\apps\idea\IntelliJ IDEA 2019.1.3\jre64\\bin\server;C:\Program Files (x86)\NetSarang\Xshell 6\;C:\Program Files (x86)\NetSarang\Xftp 6\;C:\Windows\system32;C:\Windows;C:\Windows\System32\Wbem;C:\Windows\System32\WindowsPowerShell\v1.0\;C:\Program Files\Git\cmd;D:\apps\JDK8_64\bin;D:\apps\maven\apache-maven-3.5.3\bin\;D:\apps\tomcat\apache-tomcat-9.0.21\bin;D:\apps\nodejs\;D:\apps\hadoop-2.5.1\hadoop-2.5.1\bin;D:\apps\hadoop-2.5.1\hadoop-2.5.1\sbin;D:\apps\nodejs\node_global;.
2019-11-14 12:09:15 INFO  ZooKeeper:100 - Client environment:java.io.tmpdir=C:\Users\1308-L~1\AppData\Local\Temp\
2019-11-14 12:09:15 INFO  ZooKeeper:100 - Client environment:java.compiler=<NA>
2019-11-14 12:09:15 INFO  ZooKeeper:100 - Client environment:os.name=Windows 7
2019-11-14 12:09:15 INFO  ZooKeeper:100 - Client environment:os.arch=amd64
2019-11-14 12:09:15 INFO  ZooKeeper:100 - Client environment:os.version=6.1
2019-11-14 12:09:15 INFO  ZooKeeper:100 - Client environment:user.name=1308-Lunus
2019-11-14 12:09:15 INFO  ZooKeeper:100 - Client environment:user.home=C:\Users\1308-Lunus
2019-11-14 12:09:15 INFO  ZooKeeper:100 - Client environment:user.dir=D:\code\NettyReceiver
2019-11-14 12:09:15 INFO  ZooKeeper:438 - Initiating client connection, connectString=192.168.0.131:2181 sessionTimeout=90000 watcher=org.apache.hadoop.hbase.zookeeper.PendingWatcher@10db82ae
2019-11-14 12:09:15 DEBUG ClientCnxn:102 - zookeeper.disableAutoWatchReset is false
2019-11-14 12:09:15 INFO  ClientCnxn:975 - Opening socket connection to server 192.168.0.131/192.168.0.131:2181. Will not attempt to authenticate using SASL (unknown error)
2019-11-14 12:09:15 INFO  ClientCnxn:852 - Socket connection established to 192.168.0.131/192.168.0.131:2181, initiating session
2019-11-14 12:09:15 DEBUG ClientCnxn:892 - Session establishment request sent on 192.168.0.131/192.168.0.131:2181
2019-11-14 12:09:15 INFO  ClientCnxn:1235 - Session establishment complete on server 192.168.0.131/192.168.0.131:2181, sessionid = 0x16e642c34a4001a, negotiated timeout = 90000
2019-11-14 12:09:15 DEBUG ZooKeeperWatcher:600 - hconnection-0x780cb770x0, quorum=192.168.0.131:2181, baseZNode=/hbase Received ZooKeeper Event, type=None, state=SyncConnected, path=null
2019-11-14 12:09:15 DEBUG ZooKeeperWatcher:663 - hconnection-0x780cb77-0x16e642c34a4001a connected
2019-11-14 12:09:15 DEBUG ClientCnxn:818 - Reading reply sessionid:0x16e642c34a4001a, packet:: clientPath:null serverPath:null finished:false header:: 1,3  replyHeader:: 1,245,0  request:: '/hbase/hbaseid,F  response:: s{64,64,1573638655733,1573638655733,0,0,0,0,67,0,64} 
2019-11-14 12:09:15 DEBUG ClientCnxn:818 - Reading reply sessionid:0x16e642c34a4001a, packet:: clientPath:null serverPath:null finished:false header:: 2,4  replyHeader:: 2,245,0  request:: '/hbase/hbaseid,F  response:: #ffffffff000146d61737465723a3630303030ffffffbd51ffffffefffffffa7ffffff895e374950425546a2430623364343863652d333939392d346133642d613330322d386437623731636464663764,s{64,64,1573638655733,1573638655733,0,0,0,0,67,0,64} 
2019-11-14 12:09:15 DEBUG AbstractRpcClient:116 - Codec=org.apache.hadoop.hbase.codec.KeyValueCodec@515c6049, compressor=null, tcpKeepAlive=true, tcpNoDelay=true, connectTO=10000, readTO=20000, writeTO=60000, minIdleTimeBeforeClose=120000, maxRetries=0, fallbackAllowed=false, bind address=null
2019-11-14 12:09:15 DEBUG ClientCnxn:818 - Reading reply sessionid:0x16e642c34a4001a, packet:: clientPath:null serverPath:null finished:false header:: 3,4  replyHeader:: 3,245,0  request:: '/hbase/meta-region-server,F  response:: #ffffffff0001a726567696f6e7365727665723a3136323031ffffffbbffffffb83c7016ffffff856fffffff350425546a12a66d617374657210ffffffc97e18ffffff8effffffb9ffffffb0ffffffa1ffffffe62d100183,s{93,93,1573638662526,1573638662526,0,0,0,0,59,0,93} 
2019-11-14 12:09:15 DEBUG ClientCnxn:818 - Reading reply sessionid:0x16e642c34a4001a, packet:: clientPath:null serverPath:null finished:false header:: 4,8  replyHeader:: 4,245,0  request:: '/hbase,F  response:: v{'replication,'meta-region-server,'rs,'splitWAL,'backup-masters,'table-lock,'flush-table-proc,'master-maintenance,'region-in-transition,'online-snapshot,'master,'switch,'running,'recovering-regions,'draining,'namespace,'hbaseid,'table} 
2019-11-14 12:09:15 DEBUG RpcClientImpl:353 - Use SIMPLE authentication for service ClientService, sasl=false
2019-11-14 12:09:15 DEBUG RpcClientImpl:718 - Connecting to master/192.168.0.131:16201
2019-11-14 12:46:27 DEBUG InternalLoggerFactory:43 - Using SLF4J as the default logging framework
2019-11-14 12:46:27 DEBUG MultithreadEventLoopGroup:44 - -Dio.netty.eventLoopThreads: 8
2019-11-14 12:46:27 DEBUG InternalThreadLocalMap:54 - -Dio.netty.threadLocalMap.stringBuilder.initialSize: 1024
2019-11-14 12:46:27 DEBUG InternalThreadLocalMap:57 - -Dio.netty.threadLocalMap.stringBuilder.maxSize: 4096
2019-11-14 12:46:27 DEBUG NioEventLoop:106 - -Dio.netty.noKeySetOptimization: false
2019-11-14 12:46:27 DEBUG NioEventLoop:107 - -Dio.netty.selectorAutoRebuildThreshold: 512
2019-11-14 12:46:27 DEBUG PlatformDependent:985 - Platform: Windows
2019-11-14 12:46:27 DEBUG PlatformDependent0:395 - -Dio.netty.noUnsafe: false
2019-11-14 12:46:27 DEBUG PlatformDependent0:851 - Java version: 8
2019-11-14 12:46:27 DEBUG PlatformDependent0:120 - sun.misc.Unsafe.theUnsafe: available
2019-11-14 12:46:27 DEBUG PlatformDependent0:144 - sun.misc.Unsafe.copyMemory: available
2019-11-14 12:46:27 DEBUG PlatformDependent0:182 - java.nio.Buffer.address: available
2019-11-14 12:46:27 DEBUG PlatformDependent0:243 - direct buffer constructor: available
2019-11-14 12:46:27 DEBUG PlatformDependent0:313 - java.nio.Bits.unaligned: available, true
2019-11-14 12:46:27 DEBUG PlatformDependent0:378 - jdk.internal.misc.Unsafe.allocateUninitializedArray(int): unavailable prior to Java9
2019-11-14 12:46:27 DEBUG PlatformDependent0:385 - java.nio.DirectByteBuffer.<init>(long, int): available
2019-11-14 12:46:27 DEBUG PlatformDependent:1028 - sun.misc.Unsafe: available
2019-11-14 12:46:27 DEBUG PlatformDependent:1147 - -Dio.netty.tmpdir: C:\Users\1308-L~1\AppData\Local\Temp (java.io.tmpdir)
2019-11-14 12:46:27 DEBUG PlatformDependent:1226 - -Dio.netty.bitMode: 64 (sun.arch.data.model)
2019-11-14 12:46:27 DEBUG PlatformDependent:173 - -Dio.netty.maxDirectMemory: 1881145344 bytes
2019-11-14 12:46:27 DEBUG PlatformDependent:180 - -Dio.netty.uninitializedArrayAllocationThreshold: -1
2019-11-14 12:46:27 DEBUG CleanerJava6:92 - java.nio.ByteBuffer.cleaner(): available
2019-11-14 12:46:27 DEBUG PlatformDependent:200 - -Dio.netty.noPreferDirect: false
2019-11-14 12:46:27 DEBUG PlatformDependent:890 - org.jctools-core.MpscChunkedArrayQueue: available
2019-11-14 12:46:27 DEBUG DefaultChannelId:79 - -Dio.netty.processId: 10832 (auto-detected)
2019-11-14 12:46:27 DEBUG NetUtil:139 - -Djava.net.preferIPv4Stack: false
2019-11-14 12:46:27 DEBUG NetUtil:140 - -Djava.net.preferIPv6Addresses: false
2019-11-14 12:46:27 DEBUG NetUtil:224 - Loopback interface: lo (Software Loopback Interface 1, 127.0.0.1)
2019-11-14 12:46:27 DEBUG NetUtil:289 - Failed to get SOMAXCONN from sysctl and file \proc\sys\net\core\somaxconn. Default: 200
2019-11-14 12:46:27 DEBUG DefaultChannelId:101 - -Dio.netty.machineId: 14:dd:a9:ff:fe:7e:27:05 (auto-detected)
2019-11-14 12:46:27 DEBUG ResourceLeakDetector:129 - -Dio.netty.leakDetection.level: simple
2019-11-14 12:46:27 DEBUG ResourceLeakDetector:130 - -Dio.netty.leakDetection.targetRecords: 4
2019-11-14 12:46:27 DEBUG PooledByteBufAllocator:142 - -Dio.netty.allocator.numHeapArenas: 8
2019-11-14 12:46:27 DEBUG PooledByteBufAllocator:143 - -Dio.netty.allocator.numDirectArenas: 8
2019-11-14 12:46:27 DEBUG PooledByteBufAllocator:145 - -Dio.netty.allocator.pageSize: 8192
2019-11-14 12:46:27 DEBUG PooledByteBufAllocator:150 - -Dio.netty.allocator.maxOrder: 11
2019-11-14 12:46:27 DEBUG PooledByteBufAllocator:154 - -Dio.netty.allocator.chunkSize: 16777216
2019-11-14 12:46:27 DEBUG PooledByteBufAllocator:155 - -Dio.netty.allocator.tinyCacheSize: 512
2019-11-14 12:46:27 DEBUG PooledByteBufAllocator:156 - -Dio.netty.allocator.smallCacheSize: 256
2019-11-14 12:46:27 DEBUG PooledByteBufAllocator:157 - -Dio.netty.allocator.normalCacheSize: 64
2019-11-14 12:46:27 DEBUG PooledByteBufAllocator:158 - -Dio.netty.allocator.maxCachedBufferCapacity: 32768
2019-11-14 12:46:27 DEBUG PooledByteBufAllocator:159 - -Dio.netty.allocator.cacheTrimInterval: 8192
2019-11-14 12:46:27 DEBUG PooledByteBufAllocator:160 - -Dio.netty.allocator.cacheTrimIntervalMillis: 0
2019-11-14 12:46:27 DEBUG PooledByteBufAllocator:161 - -Dio.netty.allocator.useCacheForAllThreads: true
2019-11-14 12:46:27 DEBUG PooledByteBufAllocator:162 - -Dio.netty.allocator.maxCachedByteBuffersPerChunk: 1023
2019-11-14 12:46:27 DEBUG ByteBufUtil:85 - -Dio.netty.allocator.type: pooled
2019-11-14 12:46:27 DEBUG ByteBufUtil:94 - -Dio.netty.threadLocalDirectBufferSize: 0
2019-11-14 12:46:27 DEBUG ByteBufUtil:97 - -Dio.netty.maxThreadLocalCharBufferSize: 16384
2019-11-14 12:46:34 DEBUG Recycler:96 - -Dio.netty.recycler.maxCapacityPerThread: 4096
2019-11-14 12:46:34 DEBUG Recycler:97 - -Dio.netty.recycler.maxSharedCapacityFactor: 2
2019-11-14 12:46:34 DEBUG Recycler:98 - -Dio.netty.recycler.linkCapacity: 16
2019-11-14 12:46:34 DEBUG Recycler:99 - -Dio.netty.recycler.ratio: 8
2019-11-14 12:46:34 DEBUG AbstractByteBuf:62 - -Dio.netty.buffer.checkAccessible: true
2019-11-14 12:46:34 DEBUG AbstractByteBuf:63 - -Dio.netty.buffer.checkBounds: true
2019-11-14 12:46:34 DEBUG ResourceLeakDetectorFactory:202 - Loaded default ResourceLeakDetector: io.netty.util.ResourceLeakDetector@1a40a14c
2019-11-14 12:46:41 DEBUG Groups:238 -  Creating new Groups object
2019-11-14 12:46:41 DEBUG NativeCodeLoader:46 - Trying to load the custom-built native-hadoop library...
2019-11-14 12:46:41 DEBUG NativeCodeLoader:50 - Loaded the native-hadoop library
2019-11-14 12:46:41 DEBUG JniBasedUnixGroupsMapping:50 - Using JniBasedUnixGroupsMapping for Group resolution
2019-11-14 12:46:41 DEBUG JniBasedUnixGroupsMappingWithFallback:44 - Group mapping impl=org.apache.hadoop.security.JniBasedUnixGroupsMapping
2019-11-14 12:46:41 DEBUG Groups:80 - Group mapping impl=org.apache.hadoop.security.JniBasedUnixGroupsMappingWithFallback; cacheTimeout=300000; warningDeltaMs=5000
2019-11-14 12:46:41 DEBUG MutableMetricsFactory:42 - field org.apache.hadoop.metrics2.lib.MutableRate org.apache.hadoop.security.UserGroupInformation$UgiMetrics.loginSuccess with annotation @org.apache.hadoop.metrics2.annotation.Metric(always=false, about=, sampleName=Ops, type=DEFAULT, value=[Rate of successful kerberos logins and latency (milliseconds)], valueName=Time)
2019-11-14 12:46:41 DEBUG MutableMetricsFactory:42 - field org.apache.hadoop.metrics2.lib.MutableRate org.apache.hadoop.security.UserGroupInformation$UgiMetrics.loginFailure with annotation @org.apache.hadoop.metrics2.annotation.Metric(always=false, about=, sampleName=Ops, type=DEFAULT, value=[Rate of failed kerberos logins and latency (milliseconds)], valueName=Time)
2019-11-14 12:46:41 DEBUG MutableMetricsFactory:42 - field org.apache.hadoop.metrics2.lib.MutableRate org.apache.hadoop.security.UserGroupInformation$UgiMetrics.getGroups with annotation @org.apache.hadoop.metrics2.annotation.Metric(always=false, about=, sampleName=Ops, type=DEFAULT, value=[GetGroups], valueName=Time)
2019-11-14 12:46:41 DEBUG MetricsSystemImpl:221 - UgiMetrics, User and group related metrics
2019-11-14 12:46:41 DEBUG KerberosName:88 - Kerberos krb5 configuration not found, setting default realm to empty
2019-11-14 12:46:41 DEBUG UserGroupInformation:195 - hadoop login
2019-11-14 12:46:41 DEBUG UserGroupInformation:144 - hadoop login commit
2019-11-14 12:46:41 DEBUG UserGroupInformation:174 - using local user:NTUserPrincipal: 1308-Lunus
2019-11-14 12:46:41 DEBUG UserGroupInformation:785 - UGI loginUser:1308-Lunus (auth:SIMPLE)
2019-11-14 12:46:41 INFO  RecoverableZooKeeper:120 - Process identifier=hconnection-0x4492d7ef connecting to ZooKeeper ensemble=192.168.0.131:2181
2019-11-14 12:46:41 INFO  ZooKeeper:100 - Client environment:zookeeper.version=3.4.6-1569965, built on 02/20/2014 09:09 GMT
2019-11-14 12:46:41 INFO  ZooKeeper:100 - Client environment:host.name=1308-Lunus-PC
2019-11-14 12:46:41 INFO  ZooKeeper:100 - Client environment:java.version=1.8.0_40
2019-11-14 12:46:41 INFO  ZooKeeper:100 - Client environment:java.vendor=Oracle Corporation
2019-11-14 12:46:41 INFO  ZooKeeper:100 - Client environment:java.home=D:\apps\JDK8_64\jre
2019-11-14 12:46:41 INFO  ZooKeeper:100 - Client environment:java.class.path=D:\apps\JDK8_64\jre\lib\charsets.jar;D:\apps\JDK8_64\jre\lib\deploy.jar;D:\apps\JDK8_64\jre\lib\ext\access-bridge-64.jar;D:\apps\JDK8_64\jre\lib\ext\cldrdata.jar;D:\apps\JDK8_64\jre\lib\ext\dnsns.jar;D:\apps\JDK8_64\jre\lib\ext\jaccess.jar;D:\apps\JDK8_64\jre\lib\ext\jfxrt.jar;D:\apps\JDK8_64\jre\lib\ext\localedata.jar;D:\apps\JDK8_64\jre\lib\ext\nashorn.jar;D:\apps\JDK8_64\jre\lib\ext\sunec.jar;D:\apps\JDK8_64\jre\lib\ext\sunjce_provider.jar;D:\apps\JDK8_64\jre\lib\ext\sunmscapi.jar;D:\apps\JDK8_64\jre\lib\ext\sunpkcs11.jar;D:\apps\JDK8_64\jre\lib\ext\zipfs.jar;D:\apps\JDK8_64\jre\lib\javaws.jar;D:\apps\JDK8_64\jre\lib\jce.jar;D:\apps\JDK8_64\jre\lib\jfr.jar;D:\apps\JDK8_64\jre\lib\jfxswt.jar;D:\apps\JDK8_64\jre\lib\jsse.jar;D:\apps\JDK8_64\jre\lib\management-agent.jar;D:\apps\JDK8_64\jre\lib\plugin.jar;D:\apps\JDK8_64\jre\lib\resources.jar;D:\apps\JDK8_64\jre\lib\rt.jar;D:\code\NettyReceiver\target\classes;D:\apps\maven\apache-maven-3.5.3\maven-repository\io\netty\netty-all\4.1.41.Final\netty-all-4.1.41.Final.jar;D:\apps\maven\apache-maven-3.5.3\maven-repository\org\projectlombok\lombok\1.18.10\lombok-1.18.10.jar;D:\apps\maven\apache-maven-3.5.3\maven-repository\redis\clients\jedis\2.9.0\jedis-2.9.0.jar;D:\apps\maven\apache-maven-3.5.3\maven-repository\org\apache\commons\commons-pool2\2.4.2\commons-pool2-2.4.2.jar;D:\apps\maven\apache-maven-3.5.3\maven-repository\org\apache\hbase\hbase-client\1.3.2\hbase-client-1.3.2.jar;D:\apps\maven\apache-maven-3.5.3\maven-repository\org\apache\hbase\hbase-annotations\1.3.2\hbase-annotations-1.3.2.jar;D:\apps\maven\apache-maven-3.5.3\maven-repository\com\github\stephenc\findbugs\findbugs-annotations\1.3.9-1\findbugs-annotations-1.3.9-1.jar;D:\apps\maven\apache-maven-3.5.3\maven-repository\log4j\log4j\1.2.17\log4j-1.2.17.jar;D:\apps\maven\apache-maven-3.5.3\maven-repository\junit\junit\4.12\junit-4.12.jar;D:\apps\maven\apache-maven-3.5.3\maven-repository\org\hamcrest\hamcrest-core\1.3\hamcrest-core-1.3.jar;D:\apps\maven\apache-maven-3.5.3\maven-repository\org\apache\hbase\hbase-common\1.3.2\hbase-common-1.3.2.jar;D:\apps\maven\apache-maven-3.5.3\maven-repository\commons-collections\commons-collections\3.2.2\commons-collections-3.2.2.jar;D:\apps\maven\apache-maven-3.5.3\maven-repository\org\mortbay\jetty\jetty-util\6.1.26\jetty-util-6.1.26.jar;D:\apps\maven\apache-maven-3.5.3\maven-repository\org\apache\hbase\hbase-protocol\1.3.2\hbase-protocol-1.3.2.jar;D:\apps\maven\apache-maven-3.5.3\maven-repository\commons-codec\commons-codec\1.9\commons-codec-1.9.jar;D:\apps\maven\apache-maven-3.5.3\maven-repository\commons-io\commons-io\2.4\commons-io-2.4.jar;D:\apps\maven\apache-maven-3.5.3\maven-repository\commons-lang\commons-lang\2.6\commons-lang-2.6.jar;D:\apps\maven\apache-maven-3.5.3\maven-repository\commons-logging\commons-logging\1.2\commons-logging-1.2.jar;D:\apps\maven\apache-maven-3.5.3\maven-repository\com\google\guava\guava\12.0.1\guava-12.0.1.jar;D:\apps\maven\apache-maven-3.5.3\maven-repository\com\google\protobuf\protobuf-java\2.5.0\protobuf-java-2.5.0.jar;D:\apps\maven\apache-maven-3.5.3\maven-repository\org\apache\zookeeper\zookeeper\3.4.6\zookeeper-3.4.6.jar;D:\apps\maven\apache-maven-3.5.3\maven-repository\org\slf4j\slf4j-api\1.6.1\slf4j-api-1.6.1.jar;D:\apps\maven\apache-maven-3.5.3\maven-repository\org\slf4j\slf4j-log4j12\1.6.1\slf4j-log4j12-1.6.1.jar;D:\apps\maven\apache-maven-3.5.3\maven-repository\org\apache\htrace\htrace-core\3.1.0-incubating\htrace-core-3.1.0-incubating.jar;D:\apps\maven\apache-maven-3.5.3\maven-repository\org\codehaus\jackson\jackson-mapper-asl\1.9.13\jackson-mapper-asl-1.9.13.jar;D:\apps\maven\apache-maven-3.5.3\maven-repository\org\codehaus\jackson\jackson-core-asl\1.9.13\jackson-core-asl-1.9.13.jar;D:\apps\maven\apache-maven-3.5.3\maven-repository\org\jruby\jcodings\jcodings\1.0.8\jcodings-1.0.8.jar;D:\apps\maven\apache-maven-3.5.3\maven-repository\org\jruby\joni\joni\2.1.2\joni-2.1.2.jar;D:\apps\maven\apache-maven-3.5.3\maven-repository\com\yammer\metrics\metrics-core\2.2.0\metrics-core-2.2.0.jar;D:\apps\maven\apache-maven-3.5.3\maven-repository\org\apache\hadoop\hadoop-auth\2.5.1\hadoop-auth-2.5.1.jar;D:\apps\maven\apache-maven-3.5.3\maven-repository\org\apache\httpcomponents\httpclient\4.2.5\httpclient-4.2.5.jar;D:\apps\maven\apache-maven-3.5.3\maven-repository\org\apache\httpcomponents\httpcore\4.2.4\httpcore-4.2.4.jar;D:\apps\maven\apache-maven-3.5.3\maven-repository\org\apache\directory\server\apacheds-kerberos-codec\2.0.0-M15\apacheds-kerberos-codec-2.0.0-M15.jar;D:\apps\maven\apache-maven-3.5.3\maven-repository\org\apache\directory\server\apacheds-i18n\2.0.0-M15\apacheds-i18n-2.0.0-M15.jar;D:\apps\maven\apache-maven-3.5.3\maven-repository\org\apache\directory\api\api-asn1-api\1.0.0-M20\api-asn1-api-1.0.0-M20.jar;D:\apps\maven\apache-maven-3.5.3\maven-repository\org\apache\directory\api\api-util\1.0.0-M20\api-util-1.0.0-M20.jar;D:\apps\maven\apache-maven-3.5.3\maven-repository\org\apache\hadoop\hadoop-common\2.5.1\hadoop-common-2.5.1.jar;D:\apps\maven\apache-maven-3.5.3\maven-repository\org\apache\hadoop\hadoop-annotations\2.5.1\hadoop-annotations-2.5.1.jar;D:\apps\JDK8_64\lib\tools.jar;D:\apps\maven\apache-maven-3.5.3\maven-repository\commons-cli\commons-cli\1.2\commons-cli-1.2.jar;D:\apps\maven\apache-maven-3.5.3\maven-repository\org\apache\commons\commons-math3\3.1.1\commons-math3-3.1.1.jar;D:\apps\maven\apache-maven-3.5.3\maven-repository\xmlenc\xmlenc\0.52\xmlenc-0.52.jar;D:\apps\maven\apache-maven-3.5.3\maven-repository\commons-httpclient\commons-httpclient\3.1\commons-httpclient-3.1.jar;D:\apps\maven\apache-maven-3.5.3\maven-repository\commons-net\commons-net\3.1\commons-net-3.1.jar;D:\apps\maven\apache-maven-3.5.3\maven-repository\commons-el\commons-el\1.0\commons-el-1.0.jar;D:\apps\maven\apache-maven-3.5.3\maven-repository\commons-configuration\commons-configuration\1.6\commons-configuration-1.6.jar;D:\apps\maven\apache-maven-3.5.3\maven-repository\commons-digester\commons-digester\1.8\commons-digester-1.8.jar;D:\apps\maven\apache-maven-3.5.3\maven-repository\commons-beanutils\commons-beanutils\1.7.0\commons-beanutils-1.7.0.jar;D:\apps\maven\apache-maven-3.5.3\maven-repository\commons-beanutils\commons-beanutils-core\1.8.0\commons-beanutils-core-1.8.0.jar;D:\apps\maven\apache-maven-3.5.3\maven-repository\org\apache\avro\avro\1.7.4\avro-1.7.4.jar;D:\apps\maven\apache-maven-3.5.3\maven-repository\com\thoughtworks\paranamer\paranamer\2.3\paranamer-2.3.jar;D:\apps\maven\apache-maven-3.5.3\maven-repository\org\xerial\snappy\snappy-java\1.0.4.1\snappy-java-1.0.4.1.jar;D:\apps\maven\apache-maven-3.5.3\maven-repository\com\jcraft\jsch\0.1.42\jsch-0.1.42.jar;D:\apps\maven\apache-maven-3.5.3\maven-repository\com\google\code\findbugs\jsr305\1.3.9\jsr305-1.3.9.jar;D:\apps\maven\apache-maven-3.5.3\maven-repository\org\apache\commons\commons-compress\1.4.1\commons-compress-1.4.1.jar;D:\apps\maven\apache-maven-3.5.3\maven-repository\org\tukaani\xz\1.0\xz-1.0.jar;D:\apps\maven\apache-maven-3.5.3\maven-repository\org\apache\hadoop\hadoop-mapreduce-client-core\2.5.1\hadoop-mapreduce-client-core-2.5.1.jar;D:\apps\maven\apache-maven-3.5.3\maven-repository\org\apache\hadoop\hadoop-yarn-common\2.5.1\hadoop-yarn-common-2.5.1.jar;D:\apps\maven\apache-maven-3.5.3\maven-repository\org\apache\hadoop\hadoop-yarn-api\2.5.1\hadoop-yarn-api-2.5.1.jar;D:\apps\maven\apache-maven-3.5.3\maven-repository\javax\xml\bind\jaxb-api\2.2.2\jaxb-api-2.2.2.jar;D:\apps\maven\apache-maven-3.5.3\maven-repository\javax\xml\stream\stax-api\1.0-2\stax-api-1.0-2.jar;D:\apps\maven\apache-maven-3.5.3\maven-repository\javax\activation\activation\1.1\activation-1.1.jar;D:\apps\maven\apache-maven-3.5.3\maven-repository\io\netty\netty\3.6.2.Final\netty-3.6.2.Final.jar;D:\apps\maven\apache-maven-3.5.3\maven-repository\com\alibaba\fastjson\1.2.58\fastjson-1.2.58.jar;D:\apps\idea\IntelliJ IDEA 2019.1.3\lib\idea_rt.jar
2019-11-14 12:46:41 INFO  ZooKeeper:100 - Client environment:java.library.path=D:\apps\JDK8_64\bin;C:\Windows\Sun\Java\bin;C:\Windows\system32;C:\Windows;D:\apps\idea\IntelliJ IDEA 2019.1.3\jre64\\bin;D:\apps\idea\IntelliJ IDEA 2019.1.3\jre64\\bin\server;C:\Program Files (x86)\NetSarang\Xshell 6\;C:\Program Files (x86)\NetSarang\Xftp 6\;C:\Windows\system32;C:\Windows;C:\Windows\System32\Wbem;C:\Windows\System32\WindowsPowerShell\v1.0\;C:\Program Files\Git\cmd;D:\apps\JDK8_64\bin;D:\apps\maven\apache-maven-3.5.3\bin\;D:\apps\tomcat\apache-tomcat-9.0.21\bin;D:\apps\nodejs\;D:\apps\hadoop-2.5.1\hadoop-2.5.1\bin;D:\apps\hadoop-2.5.1\hadoop-2.5.1\sbin;D:\apps\nodejs\node_global;.
2019-11-14 12:46:41 INFO  ZooKeeper:100 - Client environment:java.io.tmpdir=C:\Users\1308-L~1\AppData\Local\Temp\
2019-11-14 12:46:41 INFO  ZooKeeper:100 - Client environment:java.compiler=<NA>
2019-11-14 12:46:41 INFO  ZooKeeper:100 - Client environment:os.name=Windows 7
2019-11-14 12:46:41 INFO  ZooKeeper:100 - Client environment:os.arch=amd64
2019-11-14 12:46:41 INFO  ZooKeeper:100 - Client environment:os.version=6.1
2019-11-14 12:46:41 INFO  ZooKeeper:100 - Client environment:user.name=1308-Lunus
2019-11-14 12:46:41 INFO  ZooKeeper:100 - Client environment:user.home=C:\Users\1308-Lunus
2019-11-14 12:46:41 INFO  ZooKeeper:100 - Client environment:user.dir=D:\code\NettyReceiver
2019-11-14 12:46:41 INFO  ZooKeeper:438 - Initiating client connection, connectString=192.168.0.131:2181 sessionTimeout=90000 watcher=org.apache.hadoop.hbase.zookeeper.PendingWatcher@4f4221c0
2019-11-14 12:46:41 DEBUG ClientCnxn:102 - zookeeper.disableAutoWatchReset is false
2019-11-14 12:46:41 INFO  ClientCnxn:975 - Opening socket connection to server 192.168.0.131/192.168.0.131:2181. Will not attempt to authenticate using SASL (unknown error)
2019-11-14 12:46:41 INFO  ClientCnxn:852 - Socket connection established to 192.168.0.131/192.168.0.131:2181, initiating session
2019-11-14 12:46:41 DEBUG ClientCnxn:892 - Session establishment request sent on 192.168.0.131/192.168.0.131:2181
2019-11-14 12:46:41 INFO  ClientCnxn:1235 - Session establishment complete on server 192.168.0.131/192.168.0.131:2181, sessionid = 0x16e642c34a4001b, negotiated timeout = 90000
2019-11-14 12:46:41 DEBUG ZooKeeperWatcher:600 - hconnection-0x4492d7ef0x0, quorum=192.168.0.131:2181, baseZNode=/hbase Received ZooKeeper Event, type=None, state=SyncConnected, path=null
2019-11-14 12:46:41 DEBUG ZooKeeperWatcher:663 - hconnection-0x4492d7ef-0x16e642c34a4001b connected
2019-11-14 12:46:41 DEBUG ClientCnxn:818 - Reading reply sessionid:0x16e642c34a4001b, packet:: clientPath:null serverPath:null finished:false header:: 1,3  replyHeader:: 1,248,0  request:: '/hbase/hbaseid,F  response:: s{64,64,1573638655733,1573638655733,0,0,0,0,67,0,64} 
2019-11-14 12:46:41 DEBUG ClientCnxn:818 - Reading reply sessionid:0x16e642c34a4001b, packet:: clientPath:null serverPath:null finished:false header:: 2,4  replyHeader:: 2,248,0  request:: '/hbase/hbaseid,F  response:: #ffffffff000146d61737465723a3630303030ffffffbd51ffffffefffffffa7ffffff895e374950425546a2430623364343863652d333939392d346133642d613330322d386437623731636464663764,s{64,64,1573638655733,1573638655733,0,0,0,0,67,0,64} 
2019-11-14 12:46:41 DEBUG AbstractRpcClient:116 - Codec=org.apache.hadoop.hbase.codec.KeyValueCodec@5f9f8a1, compressor=null, tcpKeepAlive=true, tcpNoDelay=true, connectTO=10000, readTO=20000, writeTO=60000, minIdleTimeBeforeClose=120000, maxRetries=0, fallbackAllowed=false, bind address=null
2019-11-14 12:46:41 DEBUG ClientCnxn:818 - Reading reply sessionid:0x16e642c34a4001b, packet:: clientPath:null serverPath:null finished:false header:: 3,4  replyHeader:: 3,248,0  request:: '/hbase/meta-region-server,F  response:: #ffffffff0001a726567696f6e7365727665723a3136323031ffffffbbffffffb83c7016ffffff856fffffff350425546a12a66d617374657210ffffffc97e18ffffff8effffffb9ffffffb0ffffffa1ffffffe62d100183,s{93,93,1573638662526,1573638662526,0,0,0,0,59,0,93} 
2019-11-14 12:46:41 DEBUG ClientCnxn:818 - Reading reply sessionid:0x16e642c34a4001b, packet:: clientPath:null serverPath:null finished:false header:: 4,8  replyHeader:: 4,248,0  request:: '/hbase,F  response:: v{'replication,'meta-region-server,'rs,'splitWAL,'backup-masters,'table-lock,'flush-table-proc,'master-maintenance,'region-in-transition,'online-snapshot,'master,'switch,'running,'recovering-regions,'draining,'namespace,'hbaseid,'table} 
2019-11-14 12:46:41 DEBUG RpcClientImpl:353 - Use SIMPLE authentication for service ClientService, sasl=false
2019-11-14 12:46:41 DEBUG RpcClientImpl:718 - Connecting to master/192.168.0.131:16201
2019-11-14 12:47:04 WARN  DefaultChannelPipeline:1164 - An exceptionCaught() event was fired, and it reached at the tail of the pipeline. It usually means the last handler in the pipeline did not handle the exception.
java.io.IOException: 远程主机强迫关闭了一个现有的连接。
	at sun.nio.ch.SocketDispatcher.read0(Native Method)
	at sun.nio.ch.SocketDispatcher.read(SocketDispatcher.java:43)
	at sun.nio.ch.IOUtil.readIntoNativeBuffer(IOUtil.java:223)
	at sun.nio.ch.IOUtil.read(IOUtil.java:192)
	at sun.nio.ch.SocketChannelImpl.read(SocketChannelImpl.java:380)
	at io.netty.buffer.PooledByteBuf.setBytes(PooledByteBuf.java:247)
	at io.netty.buffer.AbstractByteBuf.writeBytes(AbstractByteBuf.java:1147)
	at io.netty.channel.socket.nio.NioSocketChannel.doReadBytes(NioSocketChannel.java:347)
	at io.netty.channel.nio.AbstractNioByteChannel$NioByteUnsafe.read(AbstractNioByteChannel.java:148)
	at io.netty.channel.nio.NioEventLoop.processSelectedKey(NioEventLoop.java:700)
	at io.netty.channel.nio.NioEventLoop.processSelectedKeysOptimized(NioEventLoop.java:635)
	at io.netty.channel.nio.NioEventLoop.processSelectedKeys(NioEventLoop.java:552)
	at io.netty.channel.nio.NioEventLoop.run(NioEventLoop.java:514)
	at io.netty.util.concurrent.SingleThreadEventExecutor$6.run(SingleThreadEventExecutor.java:1044)
	at io.netty.util.internal.ThreadExecutorMap$2.run(ThreadExecutorMap.java:74)
	at io.netty.util.concurrent.FastThreadLocalRunnable.run(FastThreadLocalRunnable.java:30)
	at java.lang.Thread.run(Thread.java:745)
2019-11-14 12:47:04 WARN  DefaultChannelPipeline:1164 - An exceptionCaught() event was fired, and it reached at the tail of the pipeline. It usually means the last handler in the pipeline did not handle the exception.
java.io.IOException: 远程主机强迫关闭了一个现有的连接。
	at sun.nio.ch.SocketDispatcher.read0(Native Method)
	at sun.nio.ch.SocketDispatcher.read(SocketDispatcher.java:43)
	at sun.nio.ch.IOUtil.readIntoNativeBuffer(IOUtil.java:223)
	at sun.nio.ch.IOUtil.read(IOUtil.java:192)
	at sun.nio.ch.SocketChannelImpl.read(SocketChannelImpl.java:380)
	at io.netty.buffer.PooledByteBuf.setBytes(PooledByteBuf.java:247)
	at io.netty.buffer.AbstractByteBuf.writeBytes(AbstractByteBuf.java:1147)
	at io.netty.channel.socket.nio.NioSocketChannel.doReadBytes(NioSocketChannel.java:347)
	at io.netty.channel.nio.AbstractNioByteChannel$NioByteUnsafe.read(AbstractNioByteChannel.java:148)
	at io.netty.channel.nio.NioEventLoop.processSelectedKey(NioEventLoop.java:700)
	at io.netty.channel.nio.NioEventLoop.processSelectedKeysOptimized(NioEventLoop.java:635)
	at io.netty.channel.nio.NioEventLoop.processSelectedKeys(NioEventLoop.java:552)
	at io.netty.channel.nio.NioEventLoop.run(NioEventLoop.java:514)
	at io.netty.util.concurrent.SingleThreadEventExecutor$6.run(SingleThreadEventExecutor.java:1044)
	at io.netty.util.internal.ThreadExecutorMap$2.run(ThreadExecutorMap.java:74)
	at io.netty.util.concurrent.FastThreadLocalRunnable.run(FastThreadLocalRunnable.java:30)
	at java.lang.Thread.run(Thread.java:745)
2019-11-14 12:47:04 WARN  DefaultChannelPipeline:1164 - An exceptionCaught() event was fired, and it reached at the tail of the pipeline. It usually means the last handler in the pipeline did not handle the exception.
java.io.IOException: 远程主机强迫关闭了一个现有的连接。
	at sun.nio.ch.SocketDispatcher.read0(Native Method)
	at sun.nio.ch.SocketDispatcher.read(SocketDispatcher.java:43)
	at sun.nio.ch.IOUtil.readIntoNativeBuffer(IOUtil.java:223)
	at sun.nio.ch.IOUtil.read(IOUtil.java:192)
	at sun.nio.ch.SocketChannelImpl.read(SocketChannelImpl.java:380)
	at io.netty.buffer.PooledByteBuf.setBytes(PooledByteBuf.java:247)
	at io.netty.buffer.AbstractByteBuf.writeBytes(AbstractByteBuf.java:1147)
	at io.netty.channel.socket.nio.NioSocketChannel.doReadBytes(NioSocketChannel.java:347)
	at io.netty.channel.nio.AbstractNioByteChannel$NioByteUnsafe.read(AbstractNioByteChannel.java:148)
	at io.netty.channel.nio.NioEventLoop.processSelectedKey(NioEventLoop.java:700)
	at io.netty.channel.nio.NioEventLoop.processSelectedKeysOptimized(NioEventLoop.java:635)
	at io.netty.channel.nio.NioEventLoop.processSelectedKeys(NioEventLoop.java:552)
	at io.netty.channel.nio.NioEventLoop.run(NioEventLoop.java:514)
	at io.netty.util.concurrent.SingleThreadEventExecutor$6.run(SingleThreadEventExecutor.java:1044)
	at io.netty.util.internal.ThreadExecutorMap$2.run(ThreadExecutorMap.java:74)
	at io.netty.util.concurrent.FastThreadLocalRunnable.run(FastThreadLocalRunnable.java:30)
	at java.lang.Thread.run(Thread.java:745)
2019-11-14 14:00:08 DEBUG Groups:238 -  Creating new Groups object
2019-11-14 14:00:08 DEBUG NativeCodeLoader:46 - Trying to load the custom-built native-hadoop library...
2019-11-14 14:00:08 DEBUG NativeCodeLoader:50 - Loaded the native-hadoop library
2019-11-14 14:00:08 DEBUG JniBasedUnixGroupsMapping:50 - Using JniBasedUnixGroupsMapping for Group resolution
2019-11-14 14:00:08 DEBUG JniBasedUnixGroupsMappingWithFallback:44 - Group mapping impl=org.apache.hadoop.security.JniBasedUnixGroupsMapping
2019-11-14 14:00:08 DEBUG Groups:80 - Group mapping impl=org.apache.hadoop.security.JniBasedUnixGroupsMappingWithFallback; cacheTimeout=300000; warningDeltaMs=5000
2019-11-14 14:00:08 DEBUG MutableMetricsFactory:42 - field org.apache.hadoop.metrics2.lib.MutableRate org.apache.hadoop.security.UserGroupInformation$UgiMetrics.loginSuccess with annotation @org.apache.hadoop.metrics2.annotation.Metric(about=, sampleName=Ops, always=false, type=DEFAULT, value=[Rate of successful kerberos logins and latency (milliseconds)], valueName=Time)
2019-11-14 14:00:08 DEBUG MutableMetricsFactory:42 - field org.apache.hadoop.metrics2.lib.MutableRate org.apache.hadoop.security.UserGroupInformation$UgiMetrics.loginFailure with annotation @org.apache.hadoop.metrics2.annotation.Metric(about=, sampleName=Ops, always=false, type=DEFAULT, value=[Rate of failed kerberos logins and latency (milliseconds)], valueName=Time)
2019-11-14 14:00:08 DEBUG MutableMetricsFactory:42 - field org.apache.hadoop.metrics2.lib.MutableRate org.apache.hadoop.security.UserGroupInformation$UgiMetrics.getGroups with annotation @org.apache.hadoop.metrics2.annotation.Metric(about=, sampleName=Ops, always=false, type=DEFAULT, value=[GetGroups], valueName=Time)
2019-11-14 14:00:08 DEBUG MetricsSystemImpl:221 - UgiMetrics, User and group related metrics
2019-11-14 14:00:08 DEBUG KerberosName:88 - Kerberos krb5 configuration not found, setting default realm to empty
2019-11-14 14:00:08 DEBUG UserGroupInformation:195 - hadoop login
2019-11-14 14:00:08 DEBUG UserGroupInformation:144 - hadoop login commit
2019-11-14 14:00:08 DEBUG UserGroupInformation:174 - using local user:NTUserPrincipal: 1308-Lunus
2019-11-14 14:00:08 DEBUG UserGroupInformation:785 - UGI loginUser:1308-Lunus (auth:SIMPLE)
2019-11-14 14:00:08 INFO  RecoverableZooKeeper:120 - Process identifier=hconnection-0x780cb77 connecting to ZooKeeper ensemble=192.168.0.131:2181
2019-11-14 14:00:08 INFO  ZooKeeper:100 - Client environment:zookeeper.version=3.4.6-1569965, built on 02/20/2014 09:09 GMT
2019-11-14 14:00:08 INFO  ZooKeeper:100 - Client environment:host.name=1308-Lunus-PC
2019-11-14 14:00:08 INFO  ZooKeeper:100 - Client environment:java.version=1.8.0_40
2019-11-14 14:00:08 INFO  ZooKeeper:100 - Client environment:java.vendor=Oracle Corporation
2019-11-14 14:00:08 INFO  ZooKeeper:100 - Client environment:java.home=D:\apps\JDK8_64\jre
2019-11-14 14:00:08 INFO  ZooKeeper:100 - Client environment:java.class.path=D:\code\NettyReceiver\target\test-classes;D:\code\NettyReceiver\target\classes;D:\apps\maven\apache-maven-3.5.3\maven-repository\io\netty\netty-all\4.1.41.Final\netty-all-4.1.41.Final.jar;D:\apps\maven\apache-maven-3.5.3\maven-repository\org\projectlombok\lombok\1.18.10\lombok-1.18.10.jar;D:\apps\maven\apache-maven-3.5.3\maven-repository\redis\clients\jedis\2.9.0\jedis-2.9.0.jar;D:\apps\maven\apache-maven-3.5.3\maven-repository\org\apache\commons\commons-pool2\2.4.2\commons-pool2-2.4.2.jar;D:\apps\maven\apache-maven-3.5.3\maven-repository\org\apache\hbase\hbase-client\1.3.2\hbase-client-1.3.2.jar;D:\apps\maven\apache-maven-3.5.3\maven-repository\org\apache\hbase\hbase-annotations\1.3.2\hbase-annotations-1.3.2.jar;D:\apps\maven\apache-maven-3.5.3\maven-repository\com\github\stephenc\findbugs\findbugs-annotations\1.3.9-1\findbugs-annotations-1.3.9-1.jar;D:\apps\maven\apache-maven-3.5.3\maven-repository\log4j\log4j\1.2.17\log4j-1.2.17.jar;D:\apps\maven\apache-maven-3.5.3\maven-repository\junit\junit\4.12\junit-4.12.jar;D:\apps\maven\apache-maven-3.5.3\maven-repository\org\hamcrest\hamcrest-core\1.3\hamcrest-core-1.3.jar;D:\apps\maven\apache-maven-3.5.3\maven-repository\org\apache\hbase\hbase-common\1.3.2\hbase-common-1.3.2.jar;D:\apps\maven\apache-maven-3.5.3\maven-repository\commons-collections\commons-collections\3.2.2\commons-collections-3.2.2.jar;D:\apps\maven\apache-maven-3.5.3\maven-repository\org\mortbay\jetty\jetty-util\6.1.26\jetty-util-6.1.26.jar;D:\apps\maven\apache-maven-3.5.3\maven-repository\org\apache\hbase\hbase-protocol\1.3.2\hbase-protocol-1.3.2.jar;D:\apps\maven\apache-maven-3.5.3\maven-repository\commons-codec\commons-codec\1.9\commons-codec-1.9.jar;D:\apps\maven\apache-maven-3.5.3\maven-repository\commons-io\commons-io\2.4\commons-io-2.4.jar;D:\apps\maven\apache-maven-3.5.3\maven-repository\commons-lang\commons-lang\2.6\commons-lang-2.6.jar;D:\apps\maven\apache-maven-3.5.3\maven-repository\commons-logging\commons-logging\1.2\commons-logging-1.2.jar;D:\apps\maven\apache-maven-3.5.3\maven-repository\com\google\guava\guava\12.0.1\guava-12.0.1.jar;D:\apps\maven\apache-maven-3.5.3\maven-repository\com\google\protobuf\protobuf-java\2.5.0\protobuf-java-2.5.0.jar;D:\apps\maven\apache-maven-3.5.3\maven-repository\org\apache\zookeeper\zookeeper\3.4.6\zookeeper-3.4.6.jar;D:\apps\maven\apache-maven-3.5.3\maven-repository\org\slf4j\slf4j-api\1.6.1\slf4j-api-1.6.1.jar;D:\apps\maven\apache-maven-3.5.3\maven-repository\org\slf4j\slf4j-log4j12\1.6.1\slf4j-log4j12-1.6.1.jar;D:\apps\maven\apache-maven-3.5.3\maven-repository\org\apache\htrace\htrace-core\3.1.0-incubating\htrace-core-3.1.0-incubating.jar;D:\apps\maven\apache-maven-3.5.3\maven-repository\org\codehaus\jackson\jackson-mapper-asl\1.9.13\jackson-mapper-asl-1.9.13.jar;D:\apps\maven\apache-maven-3.5.3\maven-repository\org\codehaus\jackson\jackson-core-asl\1.9.13\jackson-core-asl-1.9.13.jar;D:\apps\maven\apache-maven-3.5.3\maven-repository\org\jruby\jcodings\jcodings\1.0.8\jcodings-1.0.8.jar;D:\apps\maven\apache-maven-3.5.3\maven-repository\org\jruby\joni\joni\2.1.2\joni-2.1.2.jar;D:\apps\maven\apache-maven-3.5.3\maven-repository\com\yammer\metrics\metrics-core\2.2.0\metrics-core-2.2.0.jar;D:\apps\maven\apache-maven-3.5.3\maven-repository\org\apache\hadoop\hadoop-auth\2.5.1\hadoop-auth-2.5.1.jar;D:\apps\maven\apache-maven-3.5.3\maven-repository\org\apache\httpcomponents\httpclient\4.2.5\httpclient-4.2.5.jar;D:\apps\maven\apache-maven-3.5.3\maven-repository\org\apache\httpcomponents\httpcore\4.2.4\httpcore-4.2.4.jar;D:\apps\maven\apache-maven-3.5.3\maven-repository\org\apache\directory\server\apacheds-kerberos-codec\2.0.0-M15\apacheds-kerberos-codec-2.0.0-M15.jar;D:\apps\maven\apache-maven-3.5.3\maven-repository\org\apache\directory\server\apacheds-i18n\2.0.0-M15\apacheds-i18n-2.0.0-M15.jar;D:\apps\maven\apache-maven-3.5.3\maven-repository\org\apache\directory\api\api-asn1-api\1.0.0-M20\api-asn1-api-1.0.0-M20.jar;D:\apps\maven\apache-maven-3.5.3\maven-repository\org\apache\directory\api\api-util\1.0.0-M20\api-util-1.0.0-M20.jar;D:\apps\maven\apache-maven-3.5.3\maven-repository\org\apache\hadoop\hadoop-common\2.5.1\hadoop-common-2.5.1.jar;D:\apps\maven\apache-maven-3.5.3\maven-repository\org\apache\hadoop\hadoop-annotations\2.5.1\hadoop-annotations-2.5.1.jar;D:\apps\JDK8_64\jre\..\lib\tools.jar;D:\apps\maven\apache-maven-3.5.3\maven-repository\commons-cli\commons-cli\1.2\commons-cli-1.2.jar;D:\apps\maven\apache-maven-3.5.3\maven-repository\org\apache\commons\commons-math3\3.1.1\commons-math3-3.1.1.jar;D:\apps\maven\apache-maven-3.5.3\maven-repository\xmlenc\xmlenc\0.52\xmlenc-0.52.jar;D:\apps\maven\apache-maven-3.5.3\maven-repository\commons-httpclient\commons-httpclient\3.1\commons-httpclient-3.1.jar;D:\apps\maven\apache-maven-3.5.3\maven-repository\commons-net\commons-net\3.1\commons-net-3.1.jar;D:\apps\maven\apache-maven-3.5.3\maven-repository\commons-el\commons-el\1.0\commons-el-1.0.jar;D:\apps\maven\apache-maven-3.5.3\maven-repository\commons-configuration\commons-configuration\1.6\commons-configuration-1.6.jar;D:\apps\maven\apache-maven-3.5.3\maven-repository\commons-digester\commons-digester\1.8\commons-digester-1.8.jar;D:\apps\maven\apache-maven-3.5.3\maven-repository\commons-beanutils\commons-beanutils\1.7.0\commons-beanutils-1.7.0.jar;D:\apps\maven\apache-maven-3.5.3\maven-repository\commons-beanutils\commons-beanutils-core\1.8.0\commons-beanutils-core-1.8.0.jar;D:\apps\maven\apache-maven-3.5.3\maven-repository\org\apache\avro\avro\1.7.4\avro-1.7.4.jar;D:\apps\maven\apache-maven-3.5.3\maven-repository\com\thoughtworks\paranamer\paranamer\2.3\paranamer-2.3.jar;D:\apps\maven\apache-maven-3.5.3\maven-repository\org\xerial\snappy\snappy-java\1.0.4.1\snappy-java-1.0.4.1.jar;D:\apps\maven\apache-maven-3.5.3\maven-repository\com\jcraft\jsch\0.1.42\jsch-0.1.42.jar;D:\apps\maven\apache-maven-3.5.3\maven-repository\com\google\code\findbugs\jsr305\1.3.9\jsr305-1.3.9.jar;D:\apps\maven\apache-maven-3.5.3\maven-repository\org\apache\commons\commons-compress\1.4.1\commons-compress-1.4.1.jar;D:\apps\maven\apache-maven-3.5.3\maven-repository\org\tukaani\xz\1.0\xz-1.0.jar;D:\apps\maven\apache-maven-3.5.3\maven-repository\org\apache\hadoop\hadoop-mapreduce-client-core\2.5.1\hadoop-mapreduce-client-core-2.5.1.jar;D:\apps\maven\apache-maven-3.5.3\maven-repository\org\apache\hadoop\hadoop-yarn-common\2.5.1\hadoop-yarn-common-2.5.1.jar;D:\apps\maven\apache-maven-3.5.3\maven-repository\org\apache\hadoop\hadoop-yarn-api\2.5.1\hadoop-yarn-api-2.5.1.jar;D:\apps\maven\apache-maven-3.5.3\maven-repository\javax\xml\bind\jaxb-api\2.2.2\jaxb-api-2.2.2.jar;D:\apps\maven\apache-maven-3.5.3\maven-repository\javax\xml\stream\stax-api\1.0-2\stax-api-1.0-2.jar;D:\apps\maven\apache-maven-3.5.3\maven-repository\javax\activation\activation\1.1\activation-1.1.jar;D:\apps\maven\apache-maven-3.5.3\maven-repository\io\netty\netty\3.6.2.Final\netty-3.6.2.Final.jar;D:\apps\maven\apache-maven-3.5.3\maven-repository\com\alibaba\fastjson\1.2.58\fastjson-1.2.58.jar;
2019-11-14 14:00:08 INFO  ZooKeeper:100 - Client environment:java.library.path=D:\apps\JDK8_64\jre\bin;C:\Windows\Sun\Java\bin;C:\Windows\system32;C:\Windows;D:\apps\idea\IntelliJ IDEA 2019.1.3\jre64\\bin;D:\apps\idea\IntelliJ IDEA 2019.1.3\jre64\\bin\server;C:\Program Files (x86)\NetSarang\Xshell 6\;C:\Program Files (x86)\NetSarang\Xftp 6\;C:\Windows\system32;C:\Windows;C:\Windows\System32\Wbem;C:\Windows\System32\WindowsPowerShell\v1.0\;C:\Program Files\Git\cmd;D:\apps\JDK8_64\bin;D:\apps\maven\apache-maven-3.5.3\bin\;D:\apps\tomcat\apache-tomcat-9.0.21\bin;D:\apps\nodejs\;D:\apps\hadoop-2.5.1\hadoop-2.5.1\bin;D:\apps\hadoop-2.5.1\hadoop-2.5.1\sbin;D:\apps\nodejs\node_global;.
2019-11-14 14:00:08 INFO  ZooKeeper:100 - Client environment:java.io.tmpdir=C:\Users\1308-L~1\AppData\Local\Temp\
2019-11-14 14:00:08 INFO  ZooKeeper:100 - Client environment:java.compiler=<NA>
2019-11-14 14:00:08 INFO  ZooKeeper:100 - Client environment:os.name=Windows 7
2019-11-14 14:00:08 INFO  ZooKeeper:100 - Client environment:os.arch=amd64
2019-11-14 14:00:08 INFO  ZooKeeper:100 - Client environment:os.version=6.1
2019-11-14 14:00:08 INFO  ZooKeeper:100 - Client environment:user.name=1308-Lunus
2019-11-14 14:00:08 INFO  ZooKeeper:100 - Client environment:user.home=C:\Users\1308-Lunus
2019-11-14 14:00:08 INFO  ZooKeeper:100 - Client environment:user.dir=D:\code\NettyReceiver
2019-11-14 14:00:08 INFO  ZooKeeper:438 - Initiating client connection, connectString=192.168.0.131:2181 sessionTimeout=90000 watcher=org.apache.hadoop.hbase.zookeeper.PendingWatcher@10db82ae
2019-11-14 14:00:08 DEBUG ClientCnxn:102 - zookeeper.disableAutoWatchReset is false
2019-11-14 14:00:08 INFO  ClientCnxn:975 - Opening socket connection to server 192.168.0.131/192.168.0.131:2181. Will not attempt to authenticate using SASL (unknown error)
2019-11-14 14:00:08 INFO  ClientCnxn:852 - Socket connection established to 192.168.0.131/192.168.0.131:2181, initiating session
2019-11-14 14:00:08 DEBUG ClientCnxn:892 - Session establishment request sent on 192.168.0.131/192.168.0.131:2181
2019-11-14 14:00:08 INFO  ClientCnxn:1235 - Session establishment complete on server 192.168.0.131/192.168.0.131:2181, sessionid = 0x16e642c34a4001c, negotiated timeout = 90000
2019-11-14 14:00:08 DEBUG ZooKeeperWatcher:600 - hconnection-0x780cb770x0, quorum=192.168.0.131:2181, baseZNode=/hbase Received ZooKeeper Event, type=None, state=SyncConnected, path=null
2019-11-14 14:00:08 DEBUG ZooKeeperWatcher:663 - hconnection-0x780cb77-0x16e642c34a4001c connected
2019-11-14 14:00:08 DEBUG ClientCnxn:818 - Reading reply sessionid:0x16e642c34a4001c, packet:: clientPath:null serverPath:null finished:false header:: 1,3  replyHeader:: 1,250,0  request:: '/hbase/hbaseid,F  response:: s{64,64,1573638655733,1573638655733,0,0,0,0,67,0,64} 
2019-11-14 14:00:08 DEBUG ClientCnxn:818 - Reading reply sessionid:0x16e642c34a4001c, packet:: clientPath:null serverPath:null finished:false header:: 2,4  replyHeader:: 2,250,0  request:: '/hbase/hbaseid,F  response:: #ffffffff000146d61737465723a3630303030ffffffbd51ffffffefffffffa7ffffff895e374950425546a2430623364343863652d333939392d346133642d613330322d386437623731636464663764,s{64,64,1573638655733,1573638655733,0,0,0,0,67,0,64} 
2019-11-14 14:00:09 DEBUG AbstractRpcClient:116 - Codec=org.apache.hadoop.hbase.codec.KeyValueCodec@515c6049, compressor=null, tcpKeepAlive=true, tcpNoDelay=true, connectTO=10000, readTO=20000, writeTO=60000, minIdleTimeBeforeClose=120000, maxRetries=0, fallbackAllowed=false, bind address=null
2019-11-14 14:00:09 DEBUG ClientCnxn:818 - Reading reply sessionid:0x16e642c34a4001c, packet:: clientPath:null serverPath:null finished:false header:: 3,4  replyHeader:: 3,250,0  request:: '/hbase/meta-region-server,F  response:: #ffffffff0001a726567696f6e7365727665723a3136323031ffffffbbffffffb83c7016ffffff856fffffff350425546a12a66d617374657210ffffffc97e18ffffff8effffffb9ffffffb0ffffffa1ffffffe62d100183,s{93,93,1573638662526,1573638662526,0,0,0,0,59,0,93} 
2019-11-14 14:00:09 DEBUG ClientCnxn:818 - Reading reply sessionid:0x16e642c34a4001c, packet:: clientPath:null serverPath:null finished:false header:: 4,8  replyHeader:: 4,250,0  request:: '/hbase,F  response:: v{'replication,'meta-region-server,'rs,'splitWAL,'backup-masters,'table-lock,'flush-table-proc,'master-maintenance,'region-in-transition,'online-snapshot,'master,'switch,'running,'recovering-regions,'draining,'namespace,'hbaseid,'table} 
2019-11-14 14:00:09 DEBUG RpcClientImpl:353 - Use SIMPLE authentication for service ClientService, sasl=false
2019-11-14 14:00:09 DEBUG RpcClientImpl:718 - Connecting to master/192.168.0.131:16201
